Archive member included because of file (symbol)

d:/iti/tools/01- embedded systems avr tools/01- imt sdk/imt_sdk_win_64/winavr/bin/../lib/gcc/avr/4.3.3/avr5\libgcc.a(_mulsi3.o)
                              ./MCAL/Timer/Timer_program.o (__mulsi3)
d:/iti/tools/01- embedded systems avr tools/01- imt sdk/imt_sdk_win_64/winavr/bin/../lib/gcc/avr/4.3.3/avr5\libgcc.a(_udivmodhi4.o)
                              ./MCAL/Timer/Timer_program.o (__udivmodhi4)
d:/iti/tools/01- embedded systems avr tools/01- imt sdk/imt_sdk_win_64/winavr/bin/../lib/gcc/avr/4.3.3/avr5\libgcc.a(_divmodhi4.o)
                              ./Services/Calculator/Cal_program.o (__divmodhi4)
d:/iti/tools/01- embedded systems avr tools/01- imt sdk/imt_sdk_win_64/winavr/bin/../lib/gcc/avr/4.3.3/avr5\libgcc.a(_udivmodsi4.o)
                              ./MCAL/Timer/Timer_program.o (__udivmodsi4)
d:/iti/tools/01- embedded systems avr tools/01- imt sdk/imt_sdk_win_64/winavr/bin/../lib/gcc/avr/4.3.3/avr5\libgcc.a(_exit.o)
                              d:/iti/tools/01- embedded systems avr tools/01- imt sdk/imt_sdk_win_64/winavr/bin/../lib/gcc/avr/4.3.3/../../../../avr/lib/avr5/crtm32.o (exit)
d:/iti/tools/01- embedded systems avr tools/01- imt sdk/imt_sdk_win_64/winavr/bin/../lib/gcc/avr/4.3.3/avr5\libgcc.a(_copy_data.o)
                              ./HAL/KeyPad/KPD_program.o (__do_copy_data)
d:/iti/tools/01- embedded systems avr tools/01- imt sdk/imt_sdk_win_64/winavr/bin/../lib/gcc/avr/4.3.3/avr5\libgcc.a(_clear_bss.o)
                              ./Services/POV_Display/POV_program.o (__do_clear_bss)
d:/iti/tools/01- embedded systems avr tools/01- imt sdk/imt_sdk_win_64/winavr/bin/../lib/gcc/avr/4.3.3/avr5\libgcc.a(_fixunssfsi.o)
                              ./MCAL/Timer/Timer_program.o (__fixunssfsi)
d:/iti/tools/01- embedded systems avr tools/01- imt sdk/imt_sdk_win_64/winavr/bin/../lib/gcc/avr/4.3.3/avr5\libgcc.a(_addsub_sf.o)
                              ./MCAL/Timer/Timer_program.o (__subsf3)
d:/iti/tools/01- embedded systems avr tools/01- imt sdk/imt_sdk_win_64/winavr/bin/../lib/gcc/avr/4.3.3/avr5\libgcc.a(_mul_sf.o)
                              ./MCAL/Timer/Timer_program.o (__mulsf3)
d:/iti/tools/01- embedded systems avr tools/01- imt sdk/imt_sdk_win_64/winavr/bin/../lib/gcc/avr/4.3.3/avr5\libgcc.a(_div_sf.o)
                              ./MCAL/Timer/Timer_program.o (__divsf3)
d:/iti/tools/01- embedded systems avr tools/01- imt sdk/imt_sdk_win_64/winavr/bin/../lib/gcc/avr/4.3.3/avr5\libgcc.a(_gt_sf.o)
                              ./HAL/LCD/LCD_program.o (__gtsf2)
d:/iti/tools/01- embedded systems avr tools/01- imt sdk/imt_sdk_win_64/winavr/bin/../lib/gcc/avr/4.3.3/avr5\libgcc.a(_ge_sf.o)
                              ./HAL/LM35/LM35_program.o (__gesf2)
d:/iti/tools/01- embedded systems avr tools/01- imt sdk/imt_sdk_win_64/winavr/bin/../lib/gcc/avr/4.3.3/avr5\libgcc.a(_lt_sf.o)
                              ./HAL/LCD/LCD_program.o (__ltsf2)
d:/iti/tools/01- embedded systems avr tools/01- imt sdk/imt_sdk_win_64/winavr/bin/../lib/gcc/avr/4.3.3/avr5\libgcc.a(_si_to_sf.o)
                              ./MCAL/Timer/Timer_program.o (__floatsisf)
d:/iti/tools/01- embedded systems avr tools/01- imt sdk/imt_sdk_win_64/winavr/bin/../lib/gcc/avr/4.3.3/avr5\libgcc.a(_sf_to_si.o)
                              ./MCAL/Timer/Timer_program.o (__fixsfsi)
d:/iti/tools/01- embedded systems avr tools/01- imt sdk/imt_sdk_win_64/winavr/bin/../lib/gcc/avr/4.3.3/avr5\libgcc.a(_thenan_sf.o)
                              d:/iti/tools/01- embedded systems avr tools/01- imt sdk/imt_sdk_win_64/winavr/bin/../lib/gcc/avr/4.3.3/avr5\libgcc.a(_addsub_sf.o) (__thenan_sf)
d:/iti/tools/01- embedded systems avr tools/01- imt sdk/imt_sdk_win_64/winavr/bin/../lib/gcc/avr/4.3.3/avr5\libgcc.a(_usi_to_sf.o)
                              ./MCAL/Timer/Timer_program.o (__floatunsisf)
d:/iti/tools/01- embedded systems avr tools/01- imt sdk/imt_sdk_win_64/winavr/bin/../lib/gcc/avr/4.3.3/avr5\libgcc.a(_prologue.o)
                              d:/iti/tools/01- embedded systems avr tools/01- imt sdk/imt_sdk_win_64/winavr/bin/../lib/gcc/avr/4.3.3/avr5\libgcc.a(_addsub_sf.o) (__prologue_saves__)
d:/iti/tools/01- embedded systems avr tools/01- imt sdk/imt_sdk_win_64/winavr/bin/../lib/gcc/avr/4.3.3/avr5\libgcc.a(_epilogue.o)
                              d:/iti/tools/01- embedded systems avr tools/01- imt sdk/imt_sdk_win_64/winavr/bin/../lib/gcc/avr/4.3.3/avr5\libgcc.a(_addsub_sf.o) (__epilogue_restores__)
d:/iti/tools/01- embedded systems avr tools/01- imt sdk/imt_sdk_win_64/winavr/bin/../lib/gcc/avr/4.3.3/avr5\libgcc.a(_clzsi2.o)
                              d:/iti/tools/01- embedded systems avr tools/01- imt sdk/imt_sdk_win_64/winavr/bin/../lib/gcc/avr/4.3.3/avr5\libgcc.a(_si_to_sf.o) (__clzsi2)
d:/iti/tools/01- embedded systems avr tools/01- imt sdk/imt_sdk_win_64/winavr/bin/../lib/gcc/avr/4.3.3/avr5\libgcc.a(_pack_sf.o)
                              d:/iti/tools/01- embedded systems avr tools/01- imt sdk/imt_sdk_win_64/winavr/bin/../lib/gcc/avr/4.3.3/avr5\libgcc.a(_addsub_sf.o) (__pack_f)
d:/iti/tools/01- embedded systems avr tools/01- imt sdk/imt_sdk_win_64/winavr/bin/../lib/gcc/avr/4.3.3/avr5\libgcc.a(_unpack_sf.o)
                              d:/iti/tools/01- embedded systems avr tools/01- imt sdk/imt_sdk_win_64/winavr/bin/../lib/gcc/avr/4.3.3/avr5\libgcc.a(_addsub_sf.o) (__unpack_f)
d:/iti/tools/01- embedded systems avr tools/01- imt sdk/imt_sdk_win_64/winavr/bin/../lib/gcc/avr/4.3.3/avr5\libgcc.a(_fpcmp_parts_sf.o)
                              d:/iti/tools/01- embedded systems avr tools/01- imt sdk/imt_sdk_win_64/winavr/bin/../lib/gcc/avr/4.3.3/avr5\libgcc.a(_gt_sf.o) (__fpcmp_parts_f)
d:/iti/tools/01- embedded systems avr tools/01- imt sdk/imt_sdk_win_64/winavr/bin/../lib/gcc/avr/4.3.3/avr5\libgcc.a(_clz.o)
                              d:/iti/tools/01- embedded systems avr tools/01- imt sdk/imt_sdk_win_64/winavr/bin/../lib/gcc/avr/4.3.3/avr5\libgcc.a(_clzsi2.o) (__clz_tab)

Allocating common symbols
Common symbol       size              file

POV_u16LastRotTime  0x2               ./Services/POV_Display/POV_program.o
POV_u8Seconds       0x1               ./Services/POV_Display/POV_program.o
POV_u8Position      0x1               ./Services/POV_Display/POV_program.o
seconds             0x1               ./Services/POV_Display/POV_program.o
POV_u8Hours         0x1               ./Services/POV_Display/POV_program.o
minutes             0x1               ./Services/POV_Display/POV_program.o
POV_u8Minutes       0x1               ./Services/POV_Display/POV_program.o
hours               0x1               ./Services/POV_Display/POV_program.o
Local_u8ReadFlag    0x1               ./MCAL/ADC/ADC_program.o
ADC_u16_DigitalValue
                    0x2               ./MCAL/ADC/ADC_program.o

Memory Configuration

Name             Origin             Length             Attributes
text             0x00000000         0x00020000         xr
data             0x00800060         0x0000ffa0         rw !x
eeprom           0x00810000         0x00010000         rw !x
fuse             0x00820000         0x00000400         rw !x
lock             0x00830000         0x00000400         rw !x
signature        0x00840000         0x00000400         rw !x
*default*        0x00000000         0xffffffff

Linker script and memory map

LOAD d:/iti/tools/01- embedded systems avr tools/01- imt sdk/imt_sdk_win_64/winavr/bin/../lib/gcc/avr/4.3.3/../../../../avr/lib/avr5/crtm32.o
LOAD ./Services/POV_Display/POV_program.o
LOAD ./Services/Calculator/Cal_program.o
LOAD ./MCAL/WDT/WDT_program.o
LOAD ./MCAL/UART/UART_program.o
LOAD ./MCAL/Timer/Timer_program.o
LOAD ./MCAL/TWI/TWI_program.o
LOAD ./MCAL/SPI/SPI_program.o
LOAD ./MCAL/GIE/GIE_program.o
LOAD ./MCAL/EXTI/EXTI_program.o
LOAD ./MCAL/DIO/DIO_program.o
LOAD ./MCAL/ADC/ADC_program.o
LOAD ./HAL/Seven_Seg/SevenSeg_program.o
LOAD ./HAL/LM35/LM35_program.o
LOAD ./HAL/LED/LED_program.o
LOAD ./HAL/LCD/LCD_program.o
LOAD ./HAL/KeyPad/KPD_program.o
LOAD ./HAL/EEPROM/EEPROM_program.o
LOAD ./APP/main.o
LOAD d:/iti/tools/01- embedded systems avr tools/01- imt sdk/imt_sdk_win_64/winavr/bin/../lib/gcc/avr/4.3.3/avr5\libgcc.a
LOAD d:/iti/tools/01- embedded systems avr tools/01- imt sdk/imt_sdk_win_64/winavr/bin/../lib/gcc/avr/4.3.3/../../../../avr/lib/avr5\libc.a
LOAD d:/iti/tools/01- embedded systems avr tools/01- imt sdk/imt_sdk_win_64/winavr/bin/../lib/gcc/avr/4.3.3/avr5\libgcc.a

.hash
 *(.hash)

.dynsym
 *(.dynsym)

.dynstr
 *(.dynstr)

.gnu.version
 *(.gnu.version)

.gnu.version_d
 *(.gnu.version_d)

.gnu.version_r
 *(.gnu.version_r)

.rel.init
 *(.rel.init)

.rela.init
 *(.rela.init)

.rel.text
 *(.rel.text)
 *(.rel.text.*)
 *(.rel.gnu.linkonce.t*)

.rela.text
 *(.rela.text)
 *(.rela.text.*)
 *(.rela.gnu.linkonce.t*)

.rel.fini
 *(.rel.fini)

.rela.fini
 *(.rela.fini)

.rel.rodata
 *(.rel.rodata)
 *(.rel.rodata.*)
 *(.rel.gnu.linkonce.r*)

.rela.rodata
 *(.rela.rodata)
 *(.rela.rodata.*)
 *(.rela.gnu.linkonce.r*)

.rel.data
 *(.rel.data)
 *(.rel.data.*)
 *(.rel.gnu.linkonce.d*)

.rela.data
 *(.rela.data)
 *(.rela.data.*)
 *(.rela.gnu.linkonce.d*)

.rel.ctors
 *(.rel.ctors)

.rela.ctors
 *(.rela.ctors)

.rel.dtors
 *(.rel.dtors)

.rela.dtors
 *(.rela.dtors)

.rel.got
 *(.rel.got)

.rela.got
 *(.rela.got)

.rel.bss
 *(.rel.bss)

.rela.bss
 *(.rela.bss)

.rel.plt
 *(.rel.plt)

.rela.plt
 *(.rela.plt)

.text           0x00000000     0x4eb4
 *(.vectors)
 .vectors       0x00000000       0x54 d:/iti/tools/01- embedded systems avr tools/01- imt sdk/imt_sdk_win_64/winavr/bin/../lib/gcc/avr/4.3.3/../../../../avr/lib/avr5/crtm32.o
                0x00000000                __vectors
                0x00000000                __vector_default
 *(.vectors)
 *(.progmem.gcc*)
 *(.progmem*)
                0x00000054                . = ALIGN (0x2)
                0x00000054                __trampolines_start = .
 *(.trampolines)
 .trampolines   0x00000054        0x0 linker stubs
 *(.trampolines*)
                0x00000054                __trampolines_end = .
 *(.jumptables)
 *(.jumptables*)
 *(.lowtext)
 *(.lowtext*)
                0x00000054                __ctors_start = .
 *(.ctors)
                0x00000054                __ctors_end = .
                0x00000054                __dtors_start = .
 *(.dtors)
                0x00000054                __dtors_end = .
 SORT(*)(.ctors)
 SORT(*)(.dtors)
 *(.init0)
 .init0         0x00000054        0x0 d:/iti/tools/01- embedded systems avr tools/01- imt sdk/imt_sdk_win_64/winavr/bin/../lib/gcc/avr/4.3.3/../../../../avr/lib/avr5/crtm32.o
                0x00000054                __init
 *(.init0)
 *(.init1)
 *(.init1)
 *(.init2)
 .init2         0x00000054        0xc d:/iti/tools/01- embedded systems avr tools/01- imt sdk/imt_sdk_win_64/winavr/bin/../lib/gcc/avr/4.3.3/../../../../avr/lib/avr5/crtm32.o
 *(.init2)
 *(.init3)
 *(.init3)
 *(.init4)
 .init4         0x00000060       0x16 d:/iti/tools/01- embedded systems avr tools/01- imt sdk/imt_sdk_win_64/winavr/bin/../lib/gcc/avr/4.3.3/avr5\libgcc.a(_copy_data.o)
                0x00000060                __do_copy_data
 .init4         0x00000076       0x10 d:/iti/tools/01- embedded systems avr tools/01- imt sdk/imt_sdk_win_64/winavr/bin/../lib/gcc/avr/4.3.3/avr5\libgcc.a(_clear_bss.o)
                0x00000076                __do_clear_bss
 *(.init4)
 *(.init5)
 *(.init5)
 *(.init6)
 *(.init6)
 *(.init7)
 *(.init7)
 *(.init8)
 *(.init8)
 *(.init9)
 .init9         0x00000086        0x8 d:/iti/tools/01- embedded systems avr tools/01- imt sdk/imt_sdk_win_64/winavr/bin/../lib/gcc/avr/4.3.3/../../../../avr/lib/avr5/crtm32.o
 *(.init9)
 *(.text)
 .text          0x0000008e        0x4 d:/iti/tools/01- embedded systems avr tools/01- imt sdk/imt_sdk_win_64/winavr/bin/../lib/gcc/avr/4.3.3/../../../../avr/lib/avr5/crtm32.o
                0x0000008e                __vector_12
                0x0000008e                __bad_interrupt
                0x0000008e                __vector_13
                0x0000008e                __vector_17
                0x0000008e                __vector_19
                0x0000008e                __vector_15
                0x0000008e                __vector_14
                0x0000008e                __vector_18
                0x0000008e                __vector_20
 .text          0x00000092        0x0 ./Services/POV_Display/POV_program.o
 .text          0x00000092        0x0 ./Services/Calculator/Cal_program.o
 .text          0x00000092        0x0 ./MCAL/WDT/WDT_program.o
 .text          0x00000092        0x0 ./MCAL/UART/UART_program.o
 .text          0x00000092        0x0 ./MCAL/Timer/Timer_program.o
 .text          0x00000092        0x0 ./MCAL/TWI/TWI_program.o
 .text          0x00000092        0x0 ./MCAL/SPI/SPI_program.o
 .text          0x00000092        0x0 ./MCAL/GIE/GIE_program.o
 .text          0x00000092        0x0 ./MCAL/EXTI/EXTI_program.o
 .text          0x00000092        0x0 ./MCAL/DIO/DIO_program.o
 .text          0x00000092        0x0 ./MCAL/ADC/ADC_program.o
 .text          0x00000092        0x0 ./HAL/Seven_Seg/SevenSeg_program.o
 .text          0x00000092        0x0 ./HAL/LM35/LM35_program.o
 .text          0x00000092        0x0 ./HAL/LED/LED_program.o
 .text          0x00000092        0x0 ./HAL/LCD/LCD_program.o
 .text          0x00000092        0x0 ./HAL/KeyPad/KPD_program.o
 .text          0x00000092        0x0 ./HAL/EEPROM/EEPROM_program.o
 .text          0x00000092        0x0 ./APP/main.o
 .text          0x00000092        0x0 d:/iti/tools/01- embedded systems avr tools/01- imt sdk/imt_sdk_win_64/winavr/bin/../lib/gcc/avr/4.3.3/avr5\libgcc.a(_mulsi3.o)
 .text          0x00000092        0x0 d:/iti/tools/01- embedded systems avr tools/01- imt sdk/imt_sdk_win_64/winavr/bin/../lib/gcc/avr/4.3.3/avr5\libgcc.a(_udivmodhi4.o)
 .text          0x00000092        0x0 d:/iti/tools/01- embedded systems avr tools/01- imt sdk/imt_sdk_win_64/winavr/bin/../lib/gcc/avr/4.3.3/avr5\libgcc.a(_divmodhi4.o)
 .text          0x00000092        0x0 d:/iti/tools/01- embedded systems avr tools/01- imt sdk/imt_sdk_win_64/winavr/bin/../lib/gcc/avr/4.3.3/avr5\libgcc.a(_udivmodsi4.o)
 .text          0x00000092        0x0 d:/iti/tools/01- embedded systems avr tools/01- imt sdk/imt_sdk_win_64/winavr/bin/../lib/gcc/avr/4.3.3/avr5\libgcc.a(_exit.o)
 .text          0x00000092        0x0 d:/iti/tools/01- embedded systems avr tools/01- imt sdk/imt_sdk_win_64/winavr/bin/../lib/gcc/avr/4.3.3/avr5\libgcc.a(_copy_data.o)
 .text          0x00000092        0x0 d:/iti/tools/01- embedded systems avr tools/01- imt sdk/imt_sdk_win_64/winavr/bin/../lib/gcc/avr/4.3.3/avr5\libgcc.a(_clear_bss.o)
 .text          0x00000092       0x58 d:/iti/tools/01- embedded systems avr tools/01- imt sdk/imt_sdk_win_64/winavr/bin/../lib/gcc/avr/4.3.3/avr5\libgcc.a(_fixunssfsi.o)
                0x00000092                __fixunssfsi
 .text          0x000000ea      0x354 d:/iti/tools/01- embedded systems avr tools/01- imt sdk/imt_sdk_win_64/winavr/bin/../lib/gcc/avr/4.3.3/avr5\libgcc.a(_addsub_sf.o)
                0x00000382                __subsf3
                0x000003e4                __addsf3
 .text          0x0000043e      0x1f4 d:/iti/tools/01- embedded systems avr tools/01- imt sdk/imt_sdk_win_64/winavr/bin/../lib/gcc/avr/4.3.3/avr5\libgcc.a(_mul_sf.o)
                0x0000043e                __mulsf3
 .text          0x00000632      0x158 d:/iti/tools/01- embedded systems avr tools/01- imt sdk/imt_sdk_win_64/winavr/bin/../lib/gcc/avr/4.3.3/avr5\libgcc.a(_div_sf.o)
                0x00000632                __divsf3
 .text          0x0000078a       0x60 d:/iti/tools/01- embedded systems avr tools/01- imt sdk/imt_sdk_win_64/winavr/bin/../lib/gcc/avr/4.3.3/avr5\libgcc.a(_gt_sf.o)
                0x0000078a                __gtsf2
 .text          0x000007ea       0x60 d:/iti/tools/01- embedded systems avr tools/01- imt sdk/imt_sdk_win_64/winavr/bin/../lib/gcc/avr/4.3.3/avr5\libgcc.a(_ge_sf.o)
                0x000007ea                __gesf2
 .text          0x0000084a       0x60 d:/iti/tools/01- embedded systems avr tools/01- imt sdk/imt_sdk_win_64/winavr/bin/../lib/gcc/avr/4.3.3/avr5\libgcc.a(_lt_sf.o)
                0x0000084a                __ltsf2
 .text          0x000008aa       0xbc d:/iti/tools/01- embedded systems avr tools/01- imt sdk/imt_sdk_win_64/winavr/bin/../lib/gcc/avr/4.3.3/avr5\libgcc.a(_si_to_sf.o)
                0x000008aa                __floatsisf
 .text          0x00000966       0xa8 d:/iti/tools/01- embedded systems avr tools/01- imt sdk/imt_sdk_win_64/winavr/bin/../lib/gcc/avr/4.3.3/avr5\libgcc.a(_sf_to_si.o)
                0x00000966                __fixsfsi
 .text          0x00000a0e        0x0 d:/iti/tools/01- embedded systems avr tools/01- imt sdk/imt_sdk_win_64/winavr/bin/../lib/gcc/avr/4.3.3/avr5\libgcc.a(_thenan_sf.o)
 .text          0x00000a0e       0xf2 d:/iti/tools/01- embedded systems avr tools/01- imt sdk/imt_sdk_win_64/winavr/bin/../lib/gcc/avr/4.3.3/avr5\libgcc.a(_usi_to_sf.o)
                0x00000a0e                __floatunsisf
 .text          0x00000b00        0x0 d:/iti/tools/01- embedded systems avr tools/01- imt sdk/imt_sdk_win_64/winavr/bin/../lib/gcc/avr/4.3.3/avr5\libgcc.a(_prologue.o)
 .text          0x00000b00        0x0 d:/iti/tools/01- embedded systems avr tools/01- imt sdk/imt_sdk_win_64/winavr/bin/../lib/gcc/avr/4.3.3/avr5\libgcc.a(_epilogue.o)
 .text          0x00000b00       0x9e d:/iti/tools/01- embedded systems avr tools/01- imt sdk/imt_sdk_win_64/winavr/bin/../lib/gcc/avr/4.3.3/avr5\libgcc.a(_clzsi2.o)
                0x00000b00                __clzsi2
 .text          0x00000b9e      0x1aa d:/iti/tools/01- embedded systems avr tools/01- imt sdk/imt_sdk_win_64/winavr/bin/../lib/gcc/avr/4.3.3/avr5\libgcc.a(_pack_sf.o)
                0x00000b9e                __pack_f
 .text          0x00000d48       0xf0 d:/iti/tools/01- embedded systems avr tools/01- imt sdk/imt_sdk_win_64/winavr/bin/../lib/gcc/avr/4.3.3/avr5\libgcc.a(_unpack_sf.o)
                0x00000d48                __unpack_f
 .text          0x00000e38       0xb2 d:/iti/tools/01- embedded systems avr tools/01- imt sdk/imt_sdk_win_64/winavr/bin/../lib/gcc/avr/4.3.3/avr5\libgcc.a(_fpcmp_parts_sf.o)
                0x00000e38                __fpcmp_parts_f
 .text          0x00000eea        0x0 d:/iti/tools/01- embedded systems avr tools/01- imt sdk/imt_sdk_win_64/winavr/bin/../lib/gcc/avr/4.3.3/avr5\libgcc.a(_clz.o)
                0x00000eea                . = ALIGN (0x2)
 *(.text.*)
 .text.POV_voidInit
                0x00000eea       0x2a ./Services/POV_Display/POV_program.o
                0x00000eea                POV_voidInit
 .text.POV_voidStartDisplay
                0x00000f14        0xe ./Services/POV_Display/POV_program.o
                0x00000f14                POV_voidStartDisplay
 .text.CalculateTime
                0x00000f22       0x7a ./Services/POV_Display/POV_program.o
                0x00000f22                CalculateTime
 .text.Convert_ArrayToIntger
                0x00000f9c       0xb0 ./Services/Calculator/Cal_program.o
                0x00000f9c                Convert_ArrayToIntger
 .text.Calculator_s32Calculate
                0x0000104c       0xce ./Services/Calculator/Cal_program.o
                0x0000104c                Calculator_s32Calculate
 .text.MyPower  0x0000111a       0x70 ./Services/Calculator/Cal_program.o
 .text.WDT_voidEnable
                0x0000118a       0x1c ./MCAL/WDT/WDT_program.o
                0x0000118a                WDT_voidEnable
 .text.WDT_voidSetTime
                0x000011a6       0x32 ./MCAL/WDT/WDT_program.o
                0x000011a6                WDT_voidSetTime
 .text.WDT_voidDisable
                0x000011d8       0x1c ./MCAL/WDT/WDT_program.o
                0x000011d8                WDT_voidDisable
 .text.UART_voidInit
                0x000011f4       0x8c ./MCAL/UART/UART_program.o
                0x000011f4                UART_voidInit
 .text.UART_voidTransmitData
                0x00001280       0x5c ./MCAL/UART/UART_program.o
                0x00001280                UART_voidTransmitData
 .text.UART_voidRecieveData
                0x000012dc       0x36 ./MCAL/UART/UART_program.o
                0x000012dc                UART_voidRecieveData
 .text.Timer0_voidInit
                0x00001312      0x116 ./MCAL/Timer/Timer_program.o
                0x00001312                Timer0_voidInit
 .text.Timer0_voidSetPreloadValue
                0x00001428       0x1c ./MCAL/Timer/Timer_program.o
                0x00001428                Timer0_voidSetPreloadValue
 .text.Timer0_voidSetCompareMatchValue
                0x00001444       0x1c ./MCAL/Timer/Timer_program.o
                0x00001444                Timer0_voidSetCompareMatchValue
 .text.Timer0_voidDelay_Sec
                0x00001460       0x36 ./MCAL/Timer/Timer_program.o
                0x00001460                Timer0_voidDelay_Sec
 .text.Timer0_voidDelay_ms
                0x00001496      0x136 ./MCAL/Timer/Timer_program.o
                0x00001496                Timer0_voidDelay_ms
 .text.Timer0_voidDelay_us
                0x000015cc      0x128 ./MCAL/Timer/Timer_program.o
                0x000015cc                Timer0_voidDelay_us
 .text.Timer0_void_OVF_InterruptEnable
                0x000016f4       0x1c ./MCAL/Timer/Timer_program.o
                0x000016f4                Timer0_void_OVF_InterruptEnable
 .text.Timer0_void_OVF_InterruptDisable
                0x00001710       0x1c ./MCAL/Timer/Timer_program.o
                0x00001710                Timer0_void_OVF_InterruptDisable
 .text.Timer0_void_OCR_InterruptEnable
                0x0000172c       0x1c ./MCAL/Timer/Timer_program.o
                0x0000172c                Timer0_void_OCR_InterruptEnable
 .text.Timer0_void_OCR_InterruptDisable
                0x00001748       0x1c ./MCAL/Timer/Timer_program.o
                0x00001748                Timer0_void_OCR_InterruptDisable
 .text.Timer0_voidTOVSetCallBack
                0x00001764       0x24 ./MCAL/Timer/Timer_program.o
                0x00001764                Timer0_voidTOVSetCallBack
 .text.Timer0_voidOCRSetCallBack
                0x00001788       0x24 ./MCAL/Timer/Timer_program.o
                0x00001788                Timer0_voidOCRSetCallBack
 .text.__vector_11
                0x000017ac       0x66 ./MCAL/Timer/Timer_program.o
                0x000017ac                __vector_11
 .text.__vector_10
                0x00001812       0x66 ./MCAL/Timer/Timer_program.o
                0x00001812                __vector_10
 .text.Timer1_voidInit
                0x00001878      0x316 ./MCAL/Timer/Timer_program.o
                0x00001878                Timer1_voidInit
 .text.Timer1_voidSetPreloadValue
                0x00001b8e       0x24 ./MCAL/Timer/Timer_program.o
                0x00001b8e                Timer1_voidSetPreloadValue
 .text.Timer1_voidSetOCR1AValue
                0x00001bb2       0x24 ./MCAL/Timer/Timer_program.o
                0x00001bb2                Timer1_voidSetOCR1AValue
 .text.Timer1_voidSetOCR1BValue
                0x00001bd6       0x24 ./MCAL/Timer/Timer_program.o
                0x00001bd6                Timer1_voidSetOCR1BValue
 .text.Timer1_voidSetICR1Value
                0x00001bfa       0x24 ./MCAL/Timer/Timer_program.o
                0x00001bfa                Timer1_voidSetICR1Value
 .text.ICU_voidGetICR1Value
                0x00001c1e       0x16 ./MCAL/Timer/Timer_program.o
                0x00001c1e                ICU_voidGetICR1Value
 .text.ICU_voidSetTriggerEdge
                0x00001c34       0x56 ./MCAL/Timer/Timer_program.o
                0x00001c34                ICU_voidSetTriggerEdge
 .text.Timer1_voidOVFInterruptEnable
                0x00001c8a       0x1c ./MCAL/Timer/Timer_program.o
                0x00001c8a                Timer1_voidOVFInterruptEnable
 .text.Timer1_voidOVFInterruptDisable
                0x00001ca6       0x1c ./MCAL/Timer/Timer_program.o
                0x00001ca6                Timer1_voidOVFInterruptDisable
 .text.Timer1_voidOC1AInterruptEnable
                0x00001cc2       0x1c ./MCAL/Timer/Timer_program.o
                0x00001cc2                Timer1_voidOC1AInterruptEnable
 .text.Timer1_voidOC1AInterruptDisable
                0x00001cde       0x1c ./MCAL/Timer/Timer_program.o
                0x00001cde                Timer1_voidOC1AInterruptDisable
 .text.Timer1_voidOC1BInterruptEnable
                0x00001cfa       0x1c ./MCAL/Timer/Timer_program.o
                0x00001cfa                Timer1_voidOC1BInterruptEnable
 .text.Timer1_voidOC1BInterruptDisable
                0x00001d16       0x1c ./MCAL/Timer/Timer_program.o
                0x00001d16                Timer1_voidOC1BInterruptDisable
 .text.ICU_voidInterruptEnable
                0x00001d32       0x1c ./MCAL/Timer/Timer_program.o
                0x00001d32                ICU_voidInterruptEnable
 .text.ICU_voidInterruptDisable
                0x00001d4e       0x1c ./MCAL/Timer/Timer_program.o
                0x00001d4e                ICU_voidInterruptDisable
 .text.Timer1_voidOVFSetCallBack
                0x00001d6a       0x24 ./MCAL/Timer/Timer_program.o
                0x00001d6a                Timer1_voidOVFSetCallBack
 .text.Timer1_voidOC1ASetCallBack
                0x00001d8e       0x24 ./MCAL/Timer/Timer_program.o
                0x00001d8e                Timer1_voidOC1ASetCallBack
 .text.Timer1_voidOC1BSetCallBack
                0x00001db2       0x24 ./MCAL/Timer/Timer_program.o
                0x00001db2                Timer1_voidOC1BSetCallBack
 .text.ICU_voidSetCallBack
                0x00001dd6       0x24 ./MCAL/Timer/Timer_program.o
                0x00001dd6                ICU_voidSetCallBack
 .text.__vector_9
                0x00001dfa       0x66 ./MCAL/Timer/Timer_program.o
                0x00001dfa                __vector_9
 .text.__vector_7
                0x00001e60       0x66 ./MCAL/Timer/Timer_program.o
                0x00001e60                __vector_7
 .text.__vector_8
                0x00001ec6       0x66 ./MCAL/Timer/Timer_program.o
                0x00001ec6                __vector_8
 .text.__vector_6
                0x00001f2c       0x66 ./MCAL/Timer/Timer_program.o
                0x00001f2c                __vector_6
 .text.Timer2_voidInit
                0x00001f92      0x114 ./MCAL/Timer/Timer_program.o
                0x00001f92                Timer2_voidInit
 .text.Timer2_voidSetPreloadValue
                0x000020a6       0x1c ./MCAL/Timer/Timer_program.o
                0x000020a6                Timer2_voidSetPreloadValue
 .text.Timer2_voidSetCompareMatchValue
                0x000020c2       0x1c ./MCAL/Timer/Timer_program.o
                0x000020c2                Timer2_voidSetCompareMatchValue
 .text.Timer2_u8GetTimer2Value
                0x000020de       0x14 ./MCAL/Timer/Timer_program.o
                0x000020de                Timer2_u8GetTimer2Value
 .text.Timer2_voidDelay_ms
                0x000020f2       0x96 ./MCAL/Timer/Timer_program.o
                0x000020f2                Timer2_voidDelay_ms
 .text.Timer2_voidDelay_us
                0x00002188       0x7e ./MCAL/Timer/Timer_program.o
                0x00002188                Timer2_voidDelay_us
 .text.Timer2_void_OVF_InterruptEnable
                0x00002206       0x1c ./MCAL/Timer/Timer_program.o
                0x00002206                Timer2_void_OVF_InterruptEnable
 .text.Timer2_void_OVF_InterruptDisable
                0x00002222       0x1c ./MCAL/Timer/Timer_program.o
                0x00002222                Timer2_void_OVF_InterruptDisable
 .text.Timer2_void_OCR_InterruptEnable
                0x0000223e       0x1c ./MCAL/Timer/Timer_program.o
                0x0000223e                Timer2_void_OCR_InterruptEnable
 .text.Timer2_void_OCR_InterruptDisable
                0x0000225a       0x1c ./MCAL/Timer/Timer_program.o
                0x0000225a                Timer2_void_OCR_InterruptDisable
 .text.Timer2_voidTOVSetCallBack
                0x00002276       0x24 ./MCAL/Timer/Timer_program.o
                0x00002276                Timer2_voidTOVSetCallBack
 .text.Timer2_voidOCRSetCallBack
                0x0000229a       0x24 ./MCAL/Timer/Timer_program.o
                0x0000229a                Timer2_voidOCRSetCallBack
 .text.__vector_5
                0x000022be       0x66 ./MCAL/Timer/Timer_program.o
                0x000022be                __vector_5
 .text.__vector_4
                0x00002324       0x66 ./MCAL/Timer/Timer_program.o
                0x00002324                __vector_4
 .text.TWI_voidMasterInit
                0x0000238a       0x6c ./MCAL/TWI/TWI_program.o
                0x0000238a                TWI_voidMasterInit
 .text.TWI_voidSlaveInit
                0x000023f6       0x3a ./MCAL/TWI/TWI_program.o
                0x000023f6                TWI_voidSlaveInit
 .text.TWI_ERRSendStartCondition
                0x00002430       0x54 ./MCAL/TWI/TWI_program.o
                0x00002430                TWI_ERRSendStartCondition
 .text.TWI_ERRSendRepeatedStartCondition
                0x00002484       0x54 ./MCAL/TWI/TWI_program.o
                0x00002484                TWI_ERRSendRepeatedStartCondition
 .text.TWI_ERRSendSlaveAddressWithWrite
                0x000024d8       0x70 ./MCAL/TWI/TWI_program.o
                0x000024d8                TWI_ERRSendSlaveAddressWithWrite
 .text.TWI_voidSendSlaveAddressWithRead
                0x00002548       0x6e ./MCAL/TWI/TWI_program.o
                0x00002548                TWI_voidSendSlaveAddressWithRead
 .text.TWI_ERRSendDataPacket
                0x000025b6       0x52 ./MCAL/TWI/TWI_program.o
                0x000025b6                TWI_ERRSendDataPacket
 .text.TWI_ERRReceiveDataPacket
                0x00002608       0x5e ./MCAL/TWI/TWI_program.o
                0x00002608                TWI_ERRReceiveDataPacket
 .text.TWI_voidSendStopCondition
                0x00002666       0x2a ./MCAL/TWI/TWI_program.o
                0x00002666                TWI_voidSendStopCondition
 .text.SPI_voidMasterInit
                0x00002690       0x70 ./MCAL/SPI/SPI_program.o
                0x00002690                SPI_voidMasterInit
 .text.SPI_voidSlaveInit
                0x00002700       0x70 ./MCAL/SPI/SPI_program.o
                0x00002700                SPI_voidSlaveInit
 .text.SPI_voidTrancieveData
                0x00002770       0x4e ./MCAL/SPI/SPI_program.o
                0x00002770                SPI_voidTrancieveData
 .text.SPI_voidRecieveData
                0x000027be       0x36 ./MCAL/SPI/SPI_program.o
                0x000027be                SPI_voidRecieveData
 .text.EXTI_voidEXTIEnable
                0x000027f4       0x6e ./MCAL/EXTI/EXTI_program.o
                0x000027f4                EXTI_voidEXTIEnable
 .text.EXTI_voidEXTIDisable
                0x00002862       0x6e ./MCAL/EXTI/EXTI_program.o
                0x00002862                EXTI_voidEXTIDisable
 .text.EXTI_voidEXTITriggerEdge
                0x000028d0      0x200 ./MCAL/EXTI/EXTI_program.o
                0x000028d0                EXTI_voidEXTITriggerEdge
 .text.EXTI_voidSetCallBack
                0x00002ad0       0x72 ./MCAL/EXTI/EXTI_program.o
                0x00002ad0                EXTI_voidSetCallBack
 .text.__vector_1
                0x00002b42       0x5a ./MCAL/EXTI/EXTI_program.o
                0x00002b42                __vector_1
 .text.__vector_2
                0x00002b9c       0x5a ./MCAL/EXTI/EXTI_program.o
                0x00002b9c                __vector_2
 .text.__vector_3
                0x00002bf6       0x5a ./MCAL/EXTI/EXTI_program.o
                0x00002bf6                __vector_3
 .text.DIO_voidSetPortDirection
                0x00002c50      0x18e ./MCAL/DIO/DIO_program.o
                0x00002c50                DIO_voidSetPortDirection
 .text.DIO_voidSetPortSpecificDirection
                0x00002dde       0x82 ./MCAL/DIO/DIO_program.o
                0x00002dde                DIO_voidSetPortSpecificDirection
 .text.DIO_voidSetPinDirection
                0x00002e60      0x38e ./MCAL/DIO/DIO_program.o
                0x00002e60                DIO_voidSetPinDirection
 .text.DIO_voidSetPortSpecificValue
                0x000031ee       0x82 ./MCAL/DIO/DIO_program.o
                0x000031ee                DIO_voidSetPortSpecificValue
 .text.DIO_voidSetBitsInPort
                0x00003270      0x10a ./MCAL/DIO/DIO_program.o
                0x00003270                DIO_voidSetBitsInPort
 .text.DIO_u8ReadPort
                0x0000337a       0x86 ./MCAL/DIO/DIO_program.o
                0x0000337a                DIO_u8ReadPort
 .text.DIO_voidWritePin
                0x00003400      0x22e ./MCAL/DIO/DIO_program.o
                0x00003400                DIO_voidWritePin
 .text.DIO_voidReadPin
                0x0000362e       0xfe ./MCAL/DIO/DIO_program.o
                0x0000362e                DIO_voidReadPin
 .text.DIO_voidTogglePin
                0x0000372c       0xfa ./MCAL/DIO/DIO_program.o
                0x0000372c                DIO_voidTogglePin
 .text.ADC_voidInit
                0x00003826       0x62 ./MCAL/ADC/ADC_program.o
                0x00003826                ADC_voidInit
 .text.ADC_voidInterruptControl
                0x00003888       0x56 ./MCAL/ADC/ADC_program.o
                0x00003888                ADC_voidInterruptControl
 .text.ADC_u8StartConversionSynchronous
                0x000038de       0x80 ./MCAL/ADC/ADC_program.o
                0x000038de                ADC_u8StartConversionSynchronous
 .text.ADC_u16StartConversionSynchronous
                0x0000395e       0x7a ./MCAL/ADC/ADC_program.o
                0x0000395e                ADC_u16StartConversionSynchronous
 .text.ADC_u8StartConversionAsynchronous
                0x000039d8       0x6e ./MCAL/ADC/ADC_program.o
                0x000039d8                ADC_u8StartConversionAsynchronous
 .text.ADC_u16StartConversionAsynchronous
                0x00003a46       0x7a ./MCAL/ADC/ADC_program.o
                0x00003a46                ADC_u16StartConversionAsynchronous
 .text.__vector_16
                0x00003ac0       0x46 ./MCAL/ADC/ADC_program.o
                0x00003ac0                __vector_16
 .text.SevenSeg_voidInit
                0x00003b06       0x3c ./HAL/Seven_Seg/SevenSeg_program.o
                0x00003b06                SevenSeg_voidInit
 .text.SevenSeg_voidDisplayData
                0x00003b42       0x64 ./HAL/Seven_Seg/SevenSeg_program.o
                0x00003b42                SevenSeg_voidDisplayData
 .text.SevenSeg_voidOFF
                0x00003ba6       0x46 ./HAL/Seven_Seg/SevenSeg_program.o
                0x00003ba6                SevenSeg_voidOFF
 .text.SevenSeg_u8CommonAnodeDecoder
                0x00003bec      0x1de ./HAL/Seven_Seg/SevenSeg_program.o
 .text.SevenSeg_u8CommonCathodeDecoder
                0x00003dca      0x1de ./HAL/Seven_Seg/SevenSeg_program.o
 .text.LM35_voidInit
                0x00003fa8       0x3e ./HAL/LM35/LM35_program.o
                0x00003fa8                LM35_voidInit
 .text.LM35_u8GetTemp
                0x00003fe6      0x11a ./HAL/LM35/LM35_program.o
                0x00003fe6                LM35_u8GetTemp
 .text.LED_voidInit
                0x00004100       0x34 ./HAL/LED/LED_program.o
                0x00004100                LED_voidInit
 .text.LED_voidON
                0x00004134       0x3a ./HAL/LED/LED_program.o
                0x00004134                LED_voidON
 .text.LED_voidOFF
                0x0000416e       0x54 ./HAL/LED/LED_program.o
                0x0000416e                LED_voidOFF
 .text.LCD_voidInit
                0x000041c2      0x15e ./HAL/LCD/LCD_program.o
                0x000041c2                LCD_voidInit
 .text.LCD_voidSendChar
                0x00004320      0x2d8 ./HAL/LCD/LCD_program.o
                0x00004320                LCD_voidSendChar
 .text.LCD_voidSendCommand
                0x000045f8      0x2d8 ./HAL/LCD/LCD_program.o
 .text.LCD_voidGoToXY
                0x000048d0       0x4e ./HAL/LCD/LCD_program.o
                0x000048d0                LCD_voidGoToXY
 .text.LCD_voidSendString
                0x0000491e       0x52 ./HAL/LCD/LCD_program.o
                0x0000491e                LCD_voidSendString
 .text.LCD_voidSendNumber
                0x00004970      0x10e ./HAL/LCD/LCD_program.o
                0x00004970                LCD_voidSendNumber
 .text.LCD_voidSendCustomCharachter
                0x00004a7e       0x88 ./HAL/LCD/LCD_program.o
                0x00004a7e                LCD_voidSendCustomCharachter
 .text.LCD_voidDisplayOn
                0x00004b06       0x14 ./HAL/LCD/LCD_program.o
                0x00004b06                LCD_voidDisplayOn
 .text.LCD_voidDisplayOff
                0x00004b1a       0x14 ./HAL/LCD/LCD_program.o
                0x00004b1a                LCD_voidDisplayOff
 .text.LCD_voidClearDisplay
                0x00004b2e       0x14 ./HAL/LCD/LCD_program.o
                0x00004b2e                LCD_voidClearDisplay
 .text.LCD_voidCursorOn
                0x00004b42       0x14 ./HAL/LCD/LCD_program.o
                0x00004b42                LCD_voidCursorOn
 .text.LCD_voidCursorBlink
                0x00004b56       0x14 ./HAL/LCD/LCD_program.o
                0x00004b56                LCD_voidCursorBlink
 .text.LCD_voidCursorOff
                0x00004b6a       0x14 ./HAL/LCD/LCD_program.o
                0x00004b6a                LCD_voidCursorOff
 .text.KPD_voidInit
                0x00004b7e       0x5e ./HAL/KeyPad/KPD_program.o
                0x00004b7e                KPD_voidInit
 .text.KPD_u8GetPressedKey
                0x00004bdc       0xe2 ./HAL/KeyPad/KPD_program.o
                0x00004bdc                KPD_u8GetPressedKey
 .text.EEPROM_voidSendDataByte
                0x00004cbe       0x46 ./HAL/EEPROM/EEPROM_program.o
                0x00004cbe                EEPROM_voidSendDataByte
 .text.EEPROM_voidReceiveDataByte
                0x00004d04       0x58 ./HAL/EEPROM/EEPROM_program.o
                0x00004d04                EEPROM_voidReceiveDataByte
 .text.main     0x00004d5c       0x16 ./APP/main.o
                0x00004d5c                main
 .text.libgcc   0x00004d72       0x3e d:/iti/tools/01- embedded systems avr tools/01- imt sdk/imt_sdk_win_64/winavr/bin/../lib/gcc/avr/4.3.3/avr5\libgcc.a(_mulsi3.o)
                0x00004d72                __mulsi3
 .text.libgcc   0x00004db0       0x28 d:/iti/tools/01- embedded systems avr tools/01- imt sdk/imt_sdk_win_64/winavr/bin/../lib/gcc/avr/4.3.3/avr5\libgcc.a(_udivmodhi4.o)
                0x00004db0                __udivmodhi4
 .text.libgcc   0x00004dd8       0x26 d:/iti/tools/01- embedded systems avr tools/01- imt sdk/imt_sdk_win_64/winavr/bin/../lib/gcc/avr/4.3.3/avr5\libgcc.a(_divmodhi4.o)
                0x00004dd8                __divmodhi4
                0x00004dd8                _div
 .text.libgcc   0x00004dfe       0x44 d:/iti/tools/01- embedded systems avr tools/01- imt sdk/imt_sdk_win_64/winavr/bin/../lib/gcc/avr/4.3.3/avr5\libgcc.a(_udivmodsi4.o)
                0x00004dfe                __udivmodsi4
 .text.libgcc   0x00004e42        0x0 d:/iti/tools/01- embedded systems avr tools/01- imt sdk/imt_sdk_win_64/winavr/bin/../lib/gcc/avr/4.3.3/avr5\libgcc.a(_exit.o)
 .text.libgcc   0x00004e42        0x0 d:/iti/tools/01- embedded systems avr tools/01- imt sdk/imt_sdk_win_64/winavr/bin/../lib/gcc/avr/4.3.3/avr5\libgcc.a(_copy_data.o)
 .text.libgcc   0x00004e42        0x0 d:/iti/tools/01- embedded systems avr tools/01- imt sdk/imt_sdk_win_64/winavr/bin/../lib/gcc/avr/4.3.3/avr5\libgcc.a(_clear_bss.o)
 .text.libgcc   0x00004e42       0x38 d:/iti/tools/01- embedded systems avr tools/01- imt sdk/imt_sdk_win_64/winavr/bin/../lib/gcc/avr/4.3.3/avr5\libgcc.a(_prologue.o)
                0x00004e42                __prologue_saves__
 .text.libgcc   0x00004e7a       0x36 d:/iti/tools/01- embedded systems avr tools/01- imt sdk/imt_sdk_win_64/winavr/bin/../lib/gcc/avr/4.3.3/avr5\libgcc.a(_epilogue.o)
                0x00004e7a                __epilogue_restores__
                0x00004eb0                . = ALIGN (0x2)
 *(.fini9)
 .fini9         0x00004eb0        0x0 d:/iti/tools/01- embedded systems avr tools/01- imt sdk/imt_sdk_win_64/winavr/bin/../lib/gcc/avr/4.3.3/avr5\libgcc.a(_exit.o)
                0x00004eb0                exit
                0x00004eb0                _exit
 *(.fini9)
 *(.fini8)
 *(.fini8)
 *(.fini7)
 *(.fini7)
 *(.fini6)
 *(.fini6)
 *(.fini5)
 *(.fini5)
 *(.fini4)
 *(.fini4)
 *(.fini3)
 *(.fini3)
 *(.fini2)
 *(.fini2)
 *(.fini1)
 *(.fini1)
 *(.fini0)
 .fini0         0x00004eb0        0x4 d:/iti/tools/01- embedded systems avr tools/01- imt sdk/imt_sdk_win_64/winavr/bin/../lib/gcc/avr/4.3.3/avr5\libgcc.a(_exit.o)
 *(.fini0)
                0x00004eb4                _etext = .

.data           0x00800060      0x120 load address 0x00004eb4
                0x00800060                PROVIDE (__data_start, .)
 *(.data)
 .data          0x00800060        0x0 d:/iti/tools/01- embedded systems avr tools/01- imt sdk/imt_sdk_win_64/winavr/bin/../lib/gcc/avr/4.3.3/../../../../avr/lib/avr5/crtm32.o
 .data          0x00800060        0x0 ./Services/POV_Display/POV_program.o
 .data          0x00800060        0x0 ./Services/Calculator/Cal_program.o
 .data          0x00800060        0x0 ./MCAL/WDT/WDT_program.o
 .data          0x00800060        0x0 ./MCAL/UART/UART_program.o
 .data          0x00800060        0x0 ./MCAL/Timer/Timer_program.o
 .data          0x00800060        0x0 ./MCAL/TWI/TWI_program.o
 .data          0x00800060        0x0 ./MCAL/SPI/SPI_program.o
 .data          0x00800060        0x0 ./MCAL/GIE/GIE_program.o
 .data          0x00800060        0x0 ./MCAL/EXTI/EXTI_program.o
 .data          0x00800060        0x0 ./MCAL/DIO/DIO_program.o
 .data          0x00800060        0x0 ./MCAL/ADC/ADC_program.o
 .data          0x00800060        0x0 ./HAL/Seven_Seg/SevenSeg_program.o
 .data          0x00800060        0x0 ./HAL/LM35/LM35_program.o
 .data          0x00800060        0x0 ./HAL/LED/LED_program.o
 .data          0x00800060        0x0 ./HAL/LCD/LCD_program.o
 .data          0x00800060        0x0 ./HAL/KeyPad/KPD_program.o
 .data          0x00800060        0x0 ./HAL/EEPROM/EEPROM_program.o
 .data          0x00800060        0x0 ./APP/main.o
 .data          0x00800060        0x0 d:/iti/tools/01- embedded systems avr tools/01- imt sdk/imt_sdk_win_64/winavr/bin/../lib/gcc/avr/4.3.3/avr5\libgcc.a(_mulsi3.o)
 .data          0x00800060        0x0 d:/iti/tools/01- embedded systems avr tools/01- imt sdk/imt_sdk_win_64/winavr/bin/../lib/gcc/avr/4.3.3/avr5\libgcc.a(_udivmodhi4.o)
 .data          0x00800060        0x0 d:/iti/tools/01- embedded systems avr tools/01- imt sdk/imt_sdk_win_64/winavr/bin/../lib/gcc/avr/4.3.3/avr5\libgcc.a(_divmodhi4.o)
 .data          0x00800060        0x0 d:/iti/tools/01- embedded systems avr tools/01- imt sdk/imt_sdk_win_64/winavr/bin/../lib/gcc/avr/4.3.3/avr5\libgcc.a(_udivmodsi4.o)
 .data          0x00800060        0x0 d:/iti/tools/01- embedded systems avr tools/01- imt sdk/imt_sdk_win_64/winavr/bin/../lib/gcc/avr/4.3.3/avr5\libgcc.a(_exit.o)
 .data          0x00800060        0x0 d:/iti/tools/01- embedded systems avr tools/01- imt sdk/imt_sdk_win_64/winavr/bin/../lib/gcc/avr/4.3.3/avr5\libgcc.a(_copy_data.o)
 .data          0x00800060        0x0 d:/iti/tools/01- embedded systems avr tools/01- imt sdk/imt_sdk_win_64/winavr/bin/../lib/gcc/avr/4.3.3/avr5\libgcc.a(_clear_bss.o)
 .data          0x00800060        0x0 d:/iti/tools/01- embedded systems avr tools/01- imt sdk/imt_sdk_win_64/winavr/bin/../lib/gcc/avr/4.3.3/avr5\libgcc.a(_fixunssfsi.o)
 .data          0x00800060        0x0 d:/iti/tools/01- embedded systems avr tools/01- imt sdk/imt_sdk_win_64/winavr/bin/../lib/gcc/avr/4.3.3/avr5\libgcc.a(_addsub_sf.o)
 .data          0x00800060        0x0 d:/iti/tools/01- embedded systems avr tools/01- imt sdk/imt_sdk_win_64/winavr/bin/../lib/gcc/avr/4.3.3/avr5\libgcc.a(_mul_sf.o)
 .data          0x00800060        0x0 d:/iti/tools/01- embedded systems avr tools/01- imt sdk/imt_sdk_win_64/winavr/bin/../lib/gcc/avr/4.3.3/avr5\libgcc.a(_div_sf.o)
 .data          0x00800060        0x0 d:/iti/tools/01- embedded systems avr tools/01- imt sdk/imt_sdk_win_64/winavr/bin/../lib/gcc/avr/4.3.3/avr5\libgcc.a(_gt_sf.o)
 .data          0x00800060        0x0 d:/iti/tools/01- embedded systems avr tools/01- imt sdk/imt_sdk_win_64/winavr/bin/../lib/gcc/avr/4.3.3/avr5\libgcc.a(_ge_sf.o)
 .data          0x00800060        0x0 d:/iti/tools/01- embedded systems avr tools/01- imt sdk/imt_sdk_win_64/winavr/bin/../lib/gcc/avr/4.3.3/avr5\libgcc.a(_lt_sf.o)
 .data          0x00800060        0x0 d:/iti/tools/01- embedded systems avr tools/01- imt sdk/imt_sdk_win_64/winavr/bin/../lib/gcc/avr/4.3.3/avr5\libgcc.a(_si_to_sf.o)
 .data          0x00800060        0x0 d:/iti/tools/01- embedded systems avr tools/01- imt sdk/imt_sdk_win_64/winavr/bin/../lib/gcc/avr/4.3.3/avr5\libgcc.a(_sf_to_si.o)
 .data          0x00800060        0x8 d:/iti/tools/01- embedded systems avr tools/01- imt sdk/imt_sdk_win_64/winavr/bin/../lib/gcc/avr/4.3.3/avr5\libgcc.a(_thenan_sf.o)
                0x00800060                __thenan_sf
 .data          0x00800068        0x0 d:/iti/tools/01- embedded systems avr tools/01- imt sdk/imt_sdk_win_64/winavr/bin/../lib/gcc/avr/4.3.3/avr5\libgcc.a(_usi_to_sf.o)
 .data          0x00800068        0x0 d:/iti/tools/01- embedded systems avr tools/01- imt sdk/imt_sdk_win_64/winavr/bin/../lib/gcc/avr/4.3.3/avr5\libgcc.a(_prologue.o)
 .data          0x00800068        0x0 d:/iti/tools/01- embedded systems avr tools/01- imt sdk/imt_sdk_win_64/winavr/bin/../lib/gcc/avr/4.3.3/avr5\libgcc.a(_epilogue.o)
 .data          0x00800068        0x0 d:/iti/tools/01- embedded systems avr tools/01- imt sdk/imt_sdk_win_64/winavr/bin/../lib/gcc/avr/4.3.3/avr5\libgcc.a(_clzsi2.o)
 .data          0x00800068        0x0 d:/iti/tools/01- embedded systems avr tools/01- imt sdk/imt_sdk_win_64/winavr/bin/../lib/gcc/avr/4.3.3/avr5\libgcc.a(_pack_sf.o)
 .data          0x00800068        0x0 d:/iti/tools/01- embedded systems avr tools/01- imt sdk/imt_sdk_win_64/winavr/bin/../lib/gcc/avr/4.3.3/avr5\libgcc.a(_unpack_sf.o)
 .data          0x00800068        0x0 d:/iti/tools/01- embedded systems avr tools/01- imt sdk/imt_sdk_win_64/winavr/bin/../lib/gcc/avr/4.3.3/avr5\libgcc.a(_fpcmp_parts_sf.o)
 .data          0x00800068      0x100 d:/iti/tools/01- embedded systems avr tools/01- imt sdk/imt_sdk_win_64/winavr/bin/../lib/gcc/avr/4.3.3/avr5\libgcc.a(_clz.o)
                0x00800068                __clz_tab
 *(.data*)
 .data.KPD_u8ColumnsArray.1227
                0x00800168        0x4 ./HAL/KeyPad/KPD_program.o
 .data.KPD_u8RowsArray.1226
                0x0080016c        0x4 ./HAL/KeyPad/KPD_program.o
 .data.KPD_u8CharsArray.1225
                0x00800170       0x10 ./HAL/KeyPad/KPD_program.o
 *(.rodata)
 *(.rodata*)
 *(.gnu.linkonce.d*)
                0x00800180                . = ALIGN (0x2)
                0x00800180                _edata = .
                0x00800180                PROVIDE (__data_end, .)

.bss            0x00800180       0x25
                0x00800180                PROVIDE (__bss_start, .)
 *(.bss)
 .bss           0x00800180        0x0 d:/iti/tools/01- embedded systems avr tools/01- imt sdk/imt_sdk_win_64/winavr/bin/../lib/gcc/avr/4.3.3/../../../../avr/lib/avr5/crtm32.o
 .bss           0x00800180        0x0 ./Services/POV_Display/POV_program.o
 .bss           0x00800180        0x0 ./Services/Calculator/Cal_program.o
 .bss           0x00800180        0x0 ./MCAL/WDT/WDT_program.o
 .bss           0x00800180        0x0 ./MCAL/UART/UART_program.o
 .bss           0x00800180        0x0 ./MCAL/Timer/Timer_program.o
 .bss           0x00800180        0x0 ./MCAL/TWI/TWI_program.o
 .bss           0x00800180        0x0 ./MCAL/SPI/SPI_program.o
 .bss           0x00800180        0x0 ./MCAL/GIE/GIE_program.o
 .bss           0x00800180        0x0 ./MCAL/EXTI/EXTI_program.o
 .bss           0x00800180        0x0 ./MCAL/DIO/DIO_program.o
 .bss           0x00800180        0x0 ./MCAL/ADC/ADC_program.o
 .bss           0x00800180        0x0 ./HAL/Seven_Seg/SevenSeg_program.o
 .bss           0x00800180        0x0 ./HAL/LM35/LM35_program.o
 .bss           0x00800180        0x0 ./HAL/LED/LED_program.o
 .bss           0x00800180        0x0 ./HAL/LCD/LCD_program.o
 .bss           0x00800180        0x0 ./HAL/KeyPad/KPD_program.o
 .bss           0x00800180        0x0 ./HAL/EEPROM/EEPROM_program.o
 .bss           0x00800180        0x0 ./APP/main.o
 .bss           0x00800180        0x0 d:/iti/tools/01- embedded systems avr tools/01- imt sdk/imt_sdk_win_64/winavr/bin/../lib/gcc/avr/4.3.3/avr5\libgcc.a(_mulsi3.o)
 .bss           0x00800180        0x0 d:/iti/tools/01- embedded systems avr tools/01- imt sdk/imt_sdk_win_64/winavr/bin/../lib/gcc/avr/4.3.3/avr5\libgcc.a(_udivmodhi4.o)
 .bss           0x00800180        0x0 d:/iti/tools/01- embedded systems avr tools/01- imt sdk/imt_sdk_win_64/winavr/bin/../lib/gcc/avr/4.3.3/avr5\libgcc.a(_divmodhi4.o)
 .bss           0x00800180        0x0 d:/iti/tools/01- embedded systems avr tools/01- imt sdk/imt_sdk_win_64/winavr/bin/../lib/gcc/avr/4.3.3/avr5\libgcc.a(_udivmodsi4.o)
 .bss           0x00800180        0x0 d:/iti/tools/01- embedded systems avr tools/01- imt sdk/imt_sdk_win_64/winavr/bin/../lib/gcc/avr/4.3.3/avr5\libgcc.a(_exit.o)
 .bss           0x00800180        0x0 d:/iti/tools/01- embedded systems avr tools/01- imt sdk/imt_sdk_win_64/winavr/bin/../lib/gcc/avr/4.3.3/avr5\libgcc.a(_copy_data.o)
 .bss           0x00800180        0x0 d:/iti/tools/01- embedded systems avr tools/01- imt sdk/imt_sdk_win_64/winavr/bin/../lib/gcc/avr/4.3.3/avr5\libgcc.a(_clear_bss.o)
 .bss           0x00800180        0x0 d:/iti/tools/01- embedded systems avr tools/01- imt sdk/imt_sdk_win_64/winavr/bin/../lib/gcc/avr/4.3.3/avr5\libgcc.a(_fixunssfsi.o)
 .bss           0x00800180        0x0 d:/iti/tools/01- embedded systems avr tools/01- imt sdk/imt_sdk_win_64/winavr/bin/../lib/gcc/avr/4.3.3/avr5\libgcc.a(_addsub_sf.o)
 .bss           0x00800180        0x0 d:/iti/tools/01- embedded systems avr tools/01- imt sdk/imt_sdk_win_64/winavr/bin/../lib/gcc/avr/4.3.3/avr5\libgcc.a(_mul_sf.o)
 .bss           0x00800180        0x0 d:/iti/tools/01- embedded systems avr tools/01- imt sdk/imt_sdk_win_64/winavr/bin/../lib/gcc/avr/4.3.3/avr5\libgcc.a(_div_sf.o)
 .bss           0x00800180        0x0 d:/iti/tools/01- embedded systems avr tools/01- imt sdk/imt_sdk_win_64/winavr/bin/../lib/gcc/avr/4.3.3/avr5\libgcc.a(_gt_sf.o)
 .bss           0x00800180        0x0 d:/iti/tools/01- embedded systems avr tools/01- imt sdk/imt_sdk_win_64/winavr/bin/../lib/gcc/avr/4.3.3/avr5\libgcc.a(_ge_sf.o)
 .bss           0x00800180        0x0 d:/iti/tools/01- embedded systems avr tools/01- imt sdk/imt_sdk_win_64/winavr/bin/../lib/gcc/avr/4.3.3/avr5\libgcc.a(_lt_sf.o)
 .bss           0x00800180        0x0 d:/iti/tools/01- embedded systems avr tools/01- imt sdk/imt_sdk_win_64/winavr/bin/../lib/gcc/avr/4.3.3/avr5\libgcc.a(_si_to_sf.o)
 .bss           0x00800180        0x0 d:/iti/tools/01- embedded systems avr tools/01- imt sdk/imt_sdk_win_64/winavr/bin/../lib/gcc/avr/4.3.3/avr5\libgcc.a(_sf_to_si.o)
 .bss           0x00800180        0x0 d:/iti/tools/01- embedded systems avr tools/01- imt sdk/imt_sdk_win_64/winavr/bin/../lib/gcc/avr/4.3.3/avr5\libgcc.a(_thenan_sf.o)
 .bss           0x00800180        0x0 d:/iti/tools/01- embedded systems avr tools/01- imt sdk/imt_sdk_win_64/winavr/bin/../lib/gcc/avr/4.3.3/avr5\libgcc.a(_usi_to_sf.o)
 .bss           0x00800180        0x0 d:/iti/tools/01- embedded systems avr tools/01- imt sdk/imt_sdk_win_64/winavr/bin/../lib/gcc/avr/4.3.3/avr5\libgcc.a(_prologue.o)
 .bss           0x00800180        0x0 d:/iti/tools/01- embedded systems avr tools/01- imt sdk/imt_sdk_win_64/winavr/bin/../lib/gcc/avr/4.3.3/avr5\libgcc.a(_epilogue.o)
 .bss           0x00800180        0x0 d:/iti/tools/01- embedded systems avr tools/01- imt sdk/imt_sdk_win_64/winavr/bin/../lib/gcc/avr/4.3.3/avr5\libgcc.a(_clzsi2.o)
 .bss           0x00800180        0x0 d:/iti/tools/01- embedded systems avr tools/01- imt sdk/imt_sdk_win_64/winavr/bin/../lib/gcc/avr/4.3.3/avr5\libgcc.a(_pack_sf.o)
 .bss           0x00800180        0x0 d:/iti/tools/01- embedded systems avr tools/01- imt sdk/imt_sdk_win_64/winavr/bin/../lib/gcc/avr/4.3.3/avr5\libgcc.a(_unpack_sf.o)
 .bss           0x00800180        0x0 d:/iti/tools/01- embedded systems avr tools/01- imt sdk/imt_sdk_win_64/winavr/bin/../lib/gcc/avr/4.3.3/avr5\libgcc.a(_fpcmp_parts_sf.o)
 .bss           0x00800180        0x0 d:/iti/tools/01- embedded systems avr tools/01- imt sdk/imt_sdk_win_64/winavr/bin/../lib/gcc/avr/4.3.3/avr5\libgcc.a(_clz.o)
 *(.bss*)
 .bss.counter.1347
                0x00800180        0x2 ./Services/POV_Display/POV_program.o
 .bss.Timer0_TOV_NotificationFunc
                0x00800182        0x2 ./MCAL/Timer/Timer_program.o
 .bss.Timer0_OCR_NotificationFunc
                0x00800184        0x2 ./MCAL/Timer/Timer_program.o
 .bss.Timer1_OVF_NotificationFunc
                0x00800186        0x2 ./MCAL/Timer/Timer_program.o
 .bss.Timer1_OC1A_NotificationFunc
                0x00800188        0x2 ./MCAL/Timer/Timer_program.o
 .bss.Timer1_OC1B_NotificationFunc
                0x0080018a        0x2 ./MCAL/Timer/Timer_program.o
 .bss.Timer1_ICU_NotificationFunc
                0x0080018c        0x2 ./MCAL/Timer/Timer_program.o
 .bss.Timer2_TOV_NotificationFunc
                0x0080018e        0x2 ./MCAL/Timer/Timer_program.o
 .bss.Timer2_OCR_NotificationFunc
                0x00800190        0x2 ./MCAL/Timer/Timer_program.o
 .bss.INT0_fptr
                0x00800192        0x2 ./MCAL/EXTI/EXTI_program.o
 .bss.INT1_fptr
                0x00800194        0x2 ./MCAL/EXTI/EXTI_program.o
 .bss.INT2_fptr
                0x00800196        0x2 ./MCAL/EXTI/EXTI_program.o
 .bss.Local_u8InitFlag.1236
                0x00800198        0x1 ./HAL/LM35/LM35_program.o
 *(COMMON)
 COMMON         0x00800199        0x9 ./Services/POV_Display/POV_program.o
                0x00800199                POV_u16LastRotTime
                0x0080019b                POV_u8Seconds
                0x0080019c                POV_u8Position
                0x0080019d                seconds
                0x0080019e                POV_u8Hours
                0x0080019f                minutes
                0x008001a0                POV_u8Minutes
                0x008001a1                hours
 COMMON         0x008001a2        0x3 ./MCAL/ADC/ADC_program.o
                0x008001a2                Local_u8ReadFlag
                0x008001a3                ADC_u16_DigitalValue
                0x008001a5                PROVIDE (__bss_end, .)
                0x00004eb4                __data_load_start = LOADADDR (.data)
                0x00004fd4                __data_load_end = (__data_load_start + SIZEOF (.data))

.noinit         0x008001a5        0x0
                0x008001a5                PROVIDE (__noinit_start, .)
 *(.noinit*)
                0x008001a5                PROVIDE (__noinit_end, .)
                0x008001a5                _end = .
                0x008001a5                PROVIDE (__heap_start, .)

.eeprom         0x00810000        0x0
 *(.eeprom*)
                0x00810000                __eeprom_end = .

.fuse
 *(.fuse)
 *(.lfuse)
 *(.hfuse)
 *(.efuse)

.lock
 *(.lock*)

.signature
 *(.signature*)

.stab           0x00000000     0x597c
 *(.stab)
 .stab          0x00000000      0x318 ./Services/POV_Display/POV_program.o
 .stab          0x00000318      0x558 ./Services/Calculator/Cal_program.o
                                0x564 (size before relaxing)
 .stab          0x00000870      0x204 ./MCAL/WDT/WDT_program.o
                                0x210 (size before relaxing)
 .stab          0x00000a74      0x300 ./MCAL/UART/UART_program.o
                                0x30c (size before relaxing)
 .stab          0x00000d74     0x1290 ./MCAL/Timer/Timer_program.o
                               0x129c (size before relaxing)
 .stab          0x00002004      0x69c ./MCAL/TWI/TWI_program.o
                                0x6a8 (size before relaxing)
 .stab          0x000026a0      0x30c ./MCAL/SPI/SPI_program.o
                                0x318 (size before relaxing)
 .stab          0x000029ac       0xd8 ./MCAL/GIE/GIE_program.o
                                 0xe4 (size before relaxing)
 .stab          0x00002a84      0x474 ./MCAL/EXTI/EXTI_program.o
                                0x480 (size before relaxing)
 .stab          0x00002ef8      0x768 ./MCAL/DIO/DIO_program.o
                                0x774 (size before relaxing)
 .stab          0x00003660      0x534 ./MCAL/ADC/ADC_program.o
                                0x540 (size before relaxing)
 .stab          0x00003b94      0x4f8 ./HAL/Seven_Seg/SevenSeg_program.o
                                0x504 (size before relaxing)
 .stab          0x0000408c      0x2d0 ./HAL/LM35/LM35_program.o
                                0x2dc (size before relaxing)
 .stab          0x0000435c      0x24c ./HAL/LED/LED_program.o
                                0x258 (size before relaxing)
 .stab          0x000045a8      0xc30 ./HAL/LCD/LCD_program.o
                                0xdc8 (size before relaxing)
 .stab          0x000051d8      0x330 ./HAL/KeyPad/KPD_program.o
                                0x33c (size before relaxing)
 .stab          0x00005508      0x2e8 ./HAL/EEPROM/EEPROM_program.o
                                0x2f4 (size before relaxing)
 .stab          0x000057f0      0x18c ./APP/main.o
                                0x198 (size before relaxing)

.stabstr        0x00000000     0x2920
 *(.stabstr)
 .stabstr       0x00000000     0x2920 ./Services/POV_Display/POV_program.o

.stab.excl
 *(.stab.excl)

.stab.exclstr
 *(.stab.exclstr)

.stab.index
 *(.stab.index)

.stab.indexstr
 *(.stab.indexstr)

.comment
 *(.comment)

.debug
 *(.debug)

.line
 *(.line)

.debug_srcinfo
 *(.debug_srcinfo)

.debug_sfnames
 *(.debug_sfnames)

.debug_aranges  0x00000000      0x1c0
 *(.debug_aranges)
 .debug_aranges
                0x00000000       0x20 d:/iti/tools/01- embedded systems avr tools/01- imt sdk/imt_sdk_win_64/winavr/bin/../lib/gcc/avr/4.3.3/avr5\libgcc.a(_fixunssfsi.o)
 .debug_aranges
                0x00000020       0x20 d:/iti/tools/01- embedded systems avr tools/01- imt sdk/imt_sdk_win_64/winavr/bin/../lib/gcc/avr/4.3.3/avr5\libgcc.a(_addsub_sf.o)
 .debug_aranges
                0x00000040       0x20 d:/iti/tools/01- embedded systems avr tools/01- imt sdk/imt_sdk_win_64/winavr/bin/../lib/gcc/avr/4.3.3/avr5\libgcc.a(_mul_sf.o)
 .debug_aranges
                0x00000060       0x20 d:/iti/tools/01- embedded systems avr tools/01- imt sdk/imt_sdk_win_64/winavr/bin/../lib/gcc/avr/4.3.3/avr5\libgcc.a(_div_sf.o)
 .debug_aranges
                0x00000080       0x20 d:/iti/tools/01- embedded systems avr tools/01- imt sdk/imt_sdk_win_64/winavr/bin/../lib/gcc/avr/4.3.3/avr5\libgcc.a(_gt_sf.o)
 .debug_aranges
                0x000000a0       0x20 d:/iti/tools/01- embedded systems avr tools/01- imt sdk/imt_sdk_win_64/winavr/bin/../lib/gcc/avr/4.3.3/avr5\libgcc.a(_ge_sf.o)
 .debug_aranges
                0x000000c0       0x20 d:/iti/tools/01- embedded systems avr tools/01- imt sdk/imt_sdk_win_64/winavr/bin/../lib/gcc/avr/4.3.3/avr5\libgcc.a(_lt_sf.o)
 .debug_aranges
                0x000000e0       0x20 d:/iti/tools/01- embedded systems avr tools/01- imt sdk/imt_sdk_win_64/winavr/bin/../lib/gcc/avr/4.3.3/avr5\libgcc.a(_si_to_sf.o)
 .debug_aranges
                0x00000100       0x20 d:/iti/tools/01- embedded systems avr tools/01- imt sdk/imt_sdk_win_64/winavr/bin/../lib/gcc/avr/4.3.3/avr5\libgcc.a(_sf_to_si.o)
 .debug_aranges
                0x00000120       0x20 d:/iti/tools/01- embedded systems avr tools/01- imt sdk/imt_sdk_win_64/winavr/bin/../lib/gcc/avr/4.3.3/avr5\libgcc.a(_usi_to_sf.o)
 .debug_aranges
                0x00000140       0x20 d:/iti/tools/01- embedded systems avr tools/01- imt sdk/imt_sdk_win_64/winavr/bin/../lib/gcc/avr/4.3.3/avr5\libgcc.a(_clzsi2.o)
 .debug_aranges
                0x00000160       0x20 d:/iti/tools/01- embedded systems avr tools/01- imt sdk/imt_sdk_win_64/winavr/bin/../lib/gcc/avr/4.3.3/avr5\libgcc.a(_pack_sf.o)
 .debug_aranges
                0x00000180       0x20 d:/iti/tools/01- embedded systems avr tools/01- imt sdk/imt_sdk_win_64/winavr/bin/../lib/gcc/avr/4.3.3/avr5\libgcc.a(_unpack_sf.o)
 .debug_aranges
                0x000001a0       0x20 d:/iti/tools/01- embedded systems avr tools/01- imt sdk/imt_sdk_win_64/winavr/bin/../lib/gcc/avr/4.3.3/avr5\libgcc.a(_fpcmp_parts_sf.o)

.debug_pubnames
                0x00000000      0x214
 *(.debug_pubnames)
 .debug_pubnames
                0x00000000       0x23 d:/iti/tools/01- embedded systems avr tools/01- imt sdk/imt_sdk_win_64/winavr/bin/../lib/gcc/avr/4.3.3/avr5\libgcc.a(_fixunssfsi.o)
 .debug_pubnames
                0x00000023       0x2c d:/iti/tools/01- embedded systems avr tools/01- imt sdk/imt_sdk_win_64/winavr/bin/../lib/gcc/avr/4.3.3/avr5\libgcc.a(_addsub_sf.o)
 .debug_pubnames
                0x0000004f       0x1f d:/iti/tools/01- embedded systems avr tools/01- imt sdk/imt_sdk_win_64/winavr/bin/../lib/gcc/avr/4.3.3/avr5\libgcc.a(_mul_sf.o)
 .debug_pubnames
                0x0000006e       0x1f d:/iti/tools/01- embedded systems avr tools/01- imt sdk/imt_sdk_win_64/winavr/bin/../lib/gcc/avr/4.3.3/avr5\libgcc.a(_div_sf.o)
 .debug_pubnames
                0x0000008d       0x1e d:/iti/tools/01- embedded systems avr tools/01- imt sdk/imt_sdk_win_64/winavr/bin/../lib/gcc/avr/4.3.3/avr5\libgcc.a(_gt_sf.o)
 .debug_pubnames
                0x000000ab       0x1e d:/iti/tools/01- embedded systems avr tools/01- imt sdk/imt_sdk_win_64/winavr/bin/../lib/gcc/avr/4.3.3/avr5\libgcc.a(_ge_sf.o)
 .debug_pubnames
                0x000000c9       0x1e d:/iti/tools/01- embedded systems avr tools/01- imt sdk/imt_sdk_win_64/winavr/bin/../lib/gcc/avr/4.3.3/avr5\libgcc.a(_lt_sf.o)
 .debug_pubnames
                0x000000e7       0x22 d:/iti/tools/01- embedded systems avr tools/01- imt sdk/imt_sdk_win_64/winavr/bin/../lib/gcc/avr/4.3.3/avr5\libgcc.a(_si_to_sf.o)
 .debug_pubnames
                0x00000109       0x20 d:/iti/tools/01- embedded systems avr tools/01- imt sdk/imt_sdk_win_64/winavr/bin/../lib/gcc/avr/4.3.3/avr5\libgcc.a(_sf_to_si.o)
 .debug_pubnames
                0x00000129       0x22 d:/iti/tools/01- embedded systems avr tools/01- imt sdk/imt_sdk_win_64/winavr/bin/../lib/gcc/avr/4.3.3/avr5\libgcc.a(_thenan_sf.o)
 .debug_pubnames
                0x0000014b       0x24 d:/iti/tools/01- embedded systems avr tools/01- imt sdk/imt_sdk_win_64/winavr/bin/../lib/gcc/avr/4.3.3/avr5\libgcc.a(_usi_to_sf.o)
 .debug_pubnames
                0x0000016f       0x1f d:/iti/tools/01- embedded systems avr tools/01- imt sdk/imt_sdk_win_64/winavr/bin/../lib/gcc/avr/4.3.3/avr5\libgcc.a(_clzsi2.o)
 .debug_pubnames
                0x0000018e       0x1f d:/iti/tools/01- embedded systems avr tools/01- imt sdk/imt_sdk_win_64/winavr/bin/../lib/gcc/avr/4.3.3/avr5\libgcc.a(_pack_sf.o)
 .debug_pubnames
                0x000001ad       0x21 d:/iti/tools/01- embedded systems avr tools/01- imt sdk/imt_sdk_win_64/winavr/bin/../lib/gcc/avr/4.3.3/avr5\libgcc.a(_unpack_sf.o)
 .debug_pubnames
                0x000001ce       0x26 d:/iti/tools/01- embedded systems avr tools/01- imt sdk/imt_sdk_win_64/winavr/bin/../lib/gcc/avr/4.3.3/avr5\libgcc.a(_fpcmp_parts_sf.o)
 .debug_pubnames
                0x000001f4       0x20 d:/iti/tools/01- embedded systems avr tools/01- imt sdk/imt_sdk_win_64/winavr/bin/../lib/gcc/avr/4.3.3/avr5\libgcc.a(_clz.o)

.debug_info     0x00000000     0x2612
 *(.debug_info)
 .debug_info    0x00000000       0xb1 d:/iti/tools/01- embedded systems avr tools/01- imt sdk/imt_sdk_win_64/winavr/bin/../lib/gcc/avr/4.3.3/avr5\libgcc.a(_fixunssfsi.o)
 .debug_info    0x000000b1      0x47a d:/iti/tools/01- embedded systems avr tools/01- imt sdk/imt_sdk_win_64/winavr/bin/../lib/gcc/avr/4.3.3/avr5\libgcc.a(_addsub_sf.o)
 .debug_info    0x0000052b      0x485 d:/iti/tools/01- embedded systems avr tools/01- imt sdk/imt_sdk_win_64/winavr/bin/../lib/gcc/avr/4.3.3/avr5\libgcc.a(_mul_sf.o)
 .debug_info    0x000009b0      0x3fc d:/iti/tools/01- embedded systems avr tools/01- imt sdk/imt_sdk_win_64/winavr/bin/../lib/gcc/avr/4.3.3/avr5\libgcc.a(_div_sf.o)
 .debug_info    0x00000dac      0x27f d:/iti/tools/01- embedded systems avr tools/01- imt sdk/imt_sdk_win_64/winavr/bin/../lib/gcc/avr/4.3.3/avr5\libgcc.a(_gt_sf.o)
 .debug_info    0x0000102b      0x27f d:/iti/tools/01- embedded systems avr tools/01- imt sdk/imt_sdk_win_64/winavr/bin/../lib/gcc/avr/4.3.3/avr5\libgcc.a(_ge_sf.o)
 .debug_info    0x000012aa      0x27f d:/iti/tools/01- embedded systems avr tools/01- imt sdk/imt_sdk_win_64/winavr/bin/../lib/gcc/avr/4.3.3/avr5\libgcc.a(_lt_sf.o)
 .debug_info    0x00001529      0x207 d:/iti/tools/01- embedded systems avr tools/01- imt sdk/imt_sdk_win_64/winavr/bin/../lib/gcc/avr/4.3.3/avr5\libgcc.a(_si_to_sf.o)
 .debug_info    0x00001730      0x2b0 d:/iti/tools/01- embedded systems avr tools/01- imt sdk/imt_sdk_win_64/winavr/bin/../lib/gcc/avr/4.3.3/avr5\libgcc.a(_sf_to_si.o)
 .debug_info    0x000019e0      0x12c d:/iti/tools/01- embedded systems avr tools/01- imt sdk/imt_sdk_win_64/winavr/bin/../lib/gcc/avr/4.3.3/avr5\libgcc.a(_thenan_sf.o)
 .debug_info    0x00001b0c      0x206 d:/iti/tools/01- embedded systems avr tools/01- imt sdk/imt_sdk_win_64/winavr/bin/../lib/gcc/avr/4.3.3/avr5\libgcc.a(_usi_to_sf.o)
 .debug_info    0x00001d12      0x117 d:/iti/tools/01- embedded systems avr tools/01- imt sdk/imt_sdk_win_64/winavr/bin/../lib/gcc/avr/4.3.3/avr5\libgcc.a(_clzsi2.o)
 .debug_info    0x00001e29      0x2df d:/iti/tools/01- embedded systems avr tools/01- imt sdk/imt_sdk_win_64/winavr/bin/../lib/gcc/avr/4.3.3/avr5\libgcc.a(_pack_sf.o)
 .debug_info    0x00002108      0x251 d:/iti/tools/01- embedded systems avr tools/01- imt sdk/imt_sdk_win_64/winavr/bin/../lib/gcc/avr/4.3.3/avr5\libgcc.a(_unpack_sf.o)
 .debug_info    0x00002359      0x210 d:/iti/tools/01- embedded systems avr tools/01- imt sdk/imt_sdk_win_64/winavr/bin/../lib/gcc/avr/4.3.3/avr5\libgcc.a(_fpcmp_parts_sf.o)
 .debug_info    0x00002569       0xa9 d:/iti/tools/01- embedded systems avr tools/01- imt sdk/imt_sdk_win_64/winavr/bin/../lib/gcc/avr/4.3.3/avr5\libgcc.a(_clz.o)
 *(.gnu.linkonce.wi.*)

.debug_abbrev   0x00000000     0x14ce
 *(.debug_abbrev)
 .debug_abbrev  0x00000000       0x5d d:/iti/tools/01- embedded systems avr tools/01- imt sdk/imt_sdk_win_64/winavr/bin/../lib/gcc/avr/4.3.3/avr5\libgcc.a(_fixunssfsi.o)
 .debug_abbrev  0x0000005d      0x1ea d:/iti/tools/01- embedded systems avr tools/01- imt sdk/imt_sdk_win_64/winavr/bin/../lib/gcc/avr/4.3.3/avr5\libgcc.a(_addsub_sf.o)
 .debug_abbrev  0x00000247      0x21b d:/iti/tools/01- embedded systems avr tools/01- imt sdk/imt_sdk_win_64/winavr/bin/../lib/gcc/avr/4.3.3/avr5\libgcc.a(_mul_sf.o)
 .debug_abbrev  0x00000462      0x216 d:/iti/tools/01- embedded systems avr tools/01- imt sdk/imt_sdk_win_64/winavr/bin/../lib/gcc/avr/4.3.3/avr5\libgcc.a(_div_sf.o)
 .debug_abbrev  0x00000678      0x15a d:/iti/tools/01- embedded systems avr tools/01- imt sdk/imt_sdk_win_64/winavr/bin/../lib/gcc/avr/4.3.3/avr5\libgcc.a(_gt_sf.o)
 .debug_abbrev  0x000007d2      0x15a d:/iti/tools/01- embedded systems avr tools/01- imt sdk/imt_sdk_win_64/winavr/bin/../lib/gcc/avr/4.3.3/avr5\libgcc.a(_ge_sf.o)
 .debug_abbrev  0x0000092c      0x15a d:/iti/tools/01- embedded systems avr tools/01- imt sdk/imt_sdk_win_64/winavr/bin/../lib/gcc/avr/4.3.3/avr5\libgcc.a(_lt_sf.o)
 .debug_abbrev  0x00000a86      0x148 d:/iti/tools/01- embedded systems avr tools/01- imt sdk/imt_sdk_win_64/winavr/bin/../lib/gcc/avr/4.3.3/avr5\libgcc.a(_si_to_sf.o)
 .debug_abbrev  0x00000bce      0x17f d:/iti/tools/01- embedded systems avr tools/01- imt sdk/imt_sdk_win_64/winavr/bin/../lib/gcc/avr/4.3.3/avr5\libgcc.a(_sf_to_si.o)
 .debug_abbrev  0x00000d4d       0xad d:/iti/tools/01- embedded systems avr tools/01- imt sdk/imt_sdk_win_64/winavr/bin/../lib/gcc/avr/4.3.3/avr5\libgcc.a(_thenan_sf.o)
 .debug_abbrev  0x00000dfa      0x157 d:/iti/tools/01- embedded systems avr tools/01- imt sdk/imt_sdk_win_64/winavr/bin/../lib/gcc/avr/4.3.3/avr5\libgcc.a(_usi_to_sf.o)
 .debug_abbrev  0x00000f51       0xc4 d:/iti/tools/01- embedded systems avr tools/01- imt sdk/imt_sdk_win_64/winavr/bin/../lib/gcc/avr/4.3.3/avr5\libgcc.a(_clzsi2.o)
 .debug_abbrev  0x00001015      0x1c0 d:/iti/tools/01- embedded systems avr tools/01- imt sdk/imt_sdk_win_64/winavr/bin/../lib/gcc/avr/4.3.3/avr5\libgcc.a(_pack_sf.o)
 .debug_abbrev  0x000011d5      0x154 d:/iti/tools/01- embedded systems avr tools/01- imt sdk/imt_sdk_win_64/winavr/bin/../lib/gcc/avr/4.3.3/avr5\libgcc.a(_unpack_sf.o)
 .debug_abbrev  0x00001329      0x13b d:/iti/tools/01- embedded systems avr tools/01- imt sdk/imt_sdk_win_64/winavr/bin/../lib/gcc/avr/4.3.3/avr5\libgcc.a(_fpcmp_parts_sf.o)
 .debug_abbrev  0x00001464       0x6a d:/iti/tools/01- embedded systems avr tools/01- imt sdk/imt_sdk_win_64/winavr/bin/../lib/gcc/avr/4.3.3/avr5\libgcc.a(_clz.o)

.debug_line     0x00000000     0x130b
 *(.debug_line)
 .debug_line    0x00000000       0xa7 d:/iti/tools/01- embedded systems avr tools/01- imt sdk/imt_sdk_win_64/winavr/bin/../lib/gcc/avr/4.3.3/avr5\libgcc.a(_fixunssfsi.o)
 .debug_line    0x000000a7      0x2af d:/iti/tools/01- embedded systems avr tools/01- imt sdk/imt_sdk_win_64/winavr/bin/../lib/gcc/avr/4.3.3/avr5\libgcc.a(_addsub_sf.o)
 .debug_line    0x00000356      0x239 d:/iti/tools/01- embedded systems avr tools/01- imt sdk/imt_sdk_win_64/winavr/bin/../lib/gcc/avr/4.3.3/avr5\libgcc.a(_mul_sf.o)
 .debug_line    0x0000058f      0x1d5 d:/iti/tools/01- embedded systems avr tools/01- imt sdk/imt_sdk_win_64/winavr/bin/../lib/gcc/avr/4.3.3/avr5\libgcc.a(_div_sf.o)
 .debug_line    0x00000764       0xd3 d:/iti/tools/01- embedded systems avr tools/01- imt sdk/imt_sdk_win_64/winavr/bin/../lib/gcc/avr/4.3.3/avr5\libgcc.a(_gt_sf.o)
 .debug_line    0x00000837       0xd3 d:/iti/tools/01- embedded systems avr tools/01- imt sdk/imt_sdk_win_64/winavr/bin/../lib/gcc/avr/4.3.3/avr5\libgcc.a(_ge_sf.o)
 .debug_line    0x0000090a       0xd3 d:/iti/tools/01- embedded systems avr tools/01- imt sdk/imt_sdk_win_64/winavr/bin/../lib/gcc/avr/4.3.3/avr5\libgcc.a(_lt_sf.o)
 .debug_line    0x000009dd      0x135 d:/iti/tools/01- embedded systems avr tools/01- imt sdk/imt_sdk_win_64/winavr/bin/../lib/gcc/avr/4.3.3/avr5\libgcc.a(_si_to_sf.o)
 .debug_line    0x00000b12      0x109 d:/iti/tools/01- embedded systems avr tools/01- imt sdk/imt_sdk_win_64/winavr/bin/../lib/gcc/avr/4.3.3/avr5\libgcc.a(_sf_to_si.o)
 .debug_line    0x00000c1b       0x90 d:/iti/tools/01- embedded systems avr tools/01- imt sdk/imt_sdk_win_64/winavr/bin/../lib/gcc/avr/4.3.3/avr5\libgcc.a(_thenan_sf.o)
 .debug_line    0x00000cab      0x133 d:/iti/tools/01- embedded systems avr tools/01- imt sdk/imt_sdk_win_64/winavr/bin/../lib/gcc/avr/4.3.3/avr5\libgcc.a(_usi_to_sf.o)
 .debug_line    0x00000dde       0xa5 d:/iti/tools/01- embedded systems avr tools/01- imt sdk/imt_sdk_win_64/winavr/bin/../lib/gcc/avr/4.3.3/avr5\libgcc.a(_clzsi2.o)
 .debug_line    0x00000e83      0x18a d:/iti/tools/01- embedded systems avr tools/01- imt sdk/imt_sdk_win_64/winavr/bin/../lib/gcc/avr/4.3.3/avr5\libgcc.a(_pack_sf.o)
 .debug_line    0x0000100d      0x14b d:/iti/tools/01- embedded systems avr tools/01- imt sdk/imt_sdk_win_64/winavr/bin/../lib/gcc/avr/4.3.3/avr5\libgcc.a(_unpack_sf.o)
 .debug_line    0x00001158      0x137 d:/iti/tools/01- embedded systems avr tools/01- imt sdk/imt_sdk_win_64/winavr/bin/../lib/gcc/avr/4.3.3/avr5\libgcc.a(_fpcmp_parts_sf.o)
 .debug_line    0x0000128f       0x7c d:/iti/tools/01- embedded systems avr tools/01- imt sdk/imt_sdk_win_64/winavr/bin/../lib/gcc/avr/4.3.3/avr5\libgcc.a(_clz.o)

.debug_frame    0x00000000      0x1e0
 *(.debug_frame)
 .debug_frame   0x00000000       0x20 d:/iti/tools/01- embedded systems avr tools/01- imt sdk/imt_sdk_win_64/winavr/bin/../lib/gcc/avr/4.3.3/avr5\libgcc.a(_fixunssfsi.o)
 .debug_frame   0x00000020       0x40 d:/iti/tools/01- embedded systems avr tools/01- imt sdk/imt_sdk_win_64/winavr/bin/../lib/gcc/avr/4.3.3/avr5\libgcc.a(_addsub_sf.o)
 .debug_frame   0x00000060       0x20 d:/iti/tools/01- embedded systems avr tools/01- imt sdk/imt_sdk_win_64/winavr/bin/../lib/gcc/avr/4.3.3/avr5\libgcc.a(_mul_sf.o)
 .debug_frame   0x00000080       0x20 d:/iti/tools/01- embedded systems avr tools/01- imt sdk/imt_sdk_win_64/winavr/bin/../lib/gcc/avr/4.3.3/avr5\libgcc.a(_div_sf.o)
 .debug_frame   0x000000a0       0x20 d:/iti/tools/01- embedded systems avr tools/01- imt sdk/imt_sdk_win_64/winavr/bin/../lib/gcc/avr/4.3.3/avr5\libgcc.a(_gt_sf.o)
 .debug_frame   0x000000c0       0x20 d:/iti/tools/01- embedded systems avr tools/01- imt sdk/imt_sdk_win_64/winavr/bin/../lib/gcc/avr/4.3.3/avr5\libgcc.a(_ge_sf.o)
 .debug_frame   0x000000e0       0x20 d:/iti/tools/01- embedded systems avr tools/01- imt sdk/imt_sdk_win_64/winavr/bin/../lib/gcc/avr/4.3.3/avr5\libgcc.a(_lt_sf.o)
 .debug_frame   0x00000100       0x20 d:/iti/tools/01- embedded systems avr tools/01- imt sdk/imt_sdk_win_64/winavr/bin/../lib/gcc/avr/4.3.3/avr5\libgcc.a(_si_to_sf.o)
 .debug_frame   0x00000120       0x20 d:/iti/tools/01- embedded systems avr tools/01- imt sdk/imt_sdk_win_64/winavr/bin/../lib/gcc/avr/4.3.3/avr5\libgcc.a(_sf_to_si.o)
 .debug_frame   0x00000140       0x20 d:/iti/tools/01- embedded systems avr tools/01- imt sdk/imt_sdk_win_64/winavr/bin/../lib/gcc/avr/4.3.3/avr5\libgcc.a(_usi_to_sf.o)
 .debug_frame   0x00000160       0x20 d:/iti/tools/01- embedded systems avr tools/01- imt sdk/imt_sdk_win_64/winavr/bin/../lib/gcc/avr/4.3.3/avr5\libgcc.a(_clzsi2.o)
 .debug_frame   0x00000180       0x20 d:/iti/tools/01- embedded systems avr tools/01- imt sdk/imt_sdk_win_64/winavr/bin/../lib/gcc/avr/4.3.3/avr5\libgcc.a(_pack_sf.o)
 .debug_frame   0x000001a0       0x20 d:/iti/tools/01- embedded systems avr tools/01- imt sdk/imt_sdk_win_64/winavr/bin/../lib/gcc/avr/4.3.3/avr5\libgcc.a(_unpack_sf.o)
 .debug_frame   0x000001c0       0x20 d:/iti/tools/01- embedded systems avr tools/01- imt sdk/imt_sdk_win_64/winavr/bin/../lib/gcc/avr/4.3.3/avr5\libgcc.a(_fpcmp_parts_sf.o)

.debug_str      0x00000000      0x307
 *(.debug_str)
 .debug_str     0x00000000       0xbf d:/iti/tools/01- embedded systems avr tools/01- imt sdk/imt_sdk_win_64/winavr/bin/../lib/gcc/avr/4.3.3/avr5\libgcc.a(_fixunssfsi.o)
                                 0xfe (size before relaxing)
 .debug_str     0x000000bf      0x14d d:/iti/tools/01- embedded systems avr tools/01- imt sdk/imt_sdk_win_64/winavr/bin/../lib/gcc/avr/4.3.3/avr5\libgcc.a(_addsub_sf.o)
                                0x206 (size before relaxing)
 .debug_str     0x0000020c       0x27 d:/iti/tools/01- embedded systems avr tools/01- imt sdk/imt_sdk_win_64/winavr/bin/../lib/gcc/avr/4.3.3/avr5\libgcc.a(_mul_sf.o)
                                0x1bf (size before relaxing)
 .debug_str     0x00000233       0x35 d:/iti/tools/01- embedded systems avr tools/01- imt sdk/imt_sdk_win_64/winavr/bin/../lib/gcc/avr/4.3.3/avr5\libgcc.a(_div_sf.o)
                                0x1c8 (size before relaxing)
 .debug_str     0x00000268        0x8 d:/iti/tools/01- embedded systems avr tools/01- imt sdk/imt_sdk_win_64/winavr/bin/../lib/gcc/avr/4.3.3/avr5\libgcc.a(_gt_sf.o)
                                0x195 (size before relaxing)
 .debug_str     0x00000270        0x8 d:/iti/tools/01- embedded systems avr tools/01- imt sdk/imt_sdk_win_64/winavr/bin/../lib/gcc/avr/4.3.3/avr5\libgcc.a(_ge_sf.o)
                                0x195 (size before relaxing)
 .debug_str     0x00000278        0x8 d:/iti/tools/01- embedded systems avr tools/01- imt sdk/imt_sdk_win_64/winavr/bin/../lib/gcc/avr/4.3.3/avr5\libgcc.a(_lt_sf.o)
                                0x195 (size before relaxing)
 .debug_str     0x00000280       0x1e d:/iti/tools/01- embedded systems avr tools/01- imt sdk/imt_sdk_win_64/winavr/bin/../lib/gcc/avr/4.3.3/avr5\libgcc.a(_si_to_sf.o)
                                0x17b (size before relaxing)
 .debug_str     0x0000029e        0xa d:/iti/tools/01- embedded systems avr tools/01- imt sdk/imt_sdk_win_64/winavr/bin/../lib/gcc/avr/4.3.3/avr5\libgcc.a(_sf_to_si.o)
                                0x19e (size before relaxing)
 .debug_str     0x00000000      0x103 d:/iti/tools/01- embedded systems avr tools/01- imt sdk/imt_sdk_win_64/winavr/bin/../lib/gcc/avr/4.3.3/avr5\libgcc.a(_thenan_sf.o)
 .debug_str     0x000002a8       0x14 d:/iti/tools/01- embedded systems avr tools/01- imt sdk/imt_sdk_win_64/winavr/bin/../lib/gcc/avr/4.3.3/avr5\libgcc.a(_usi_to_sf.o)
                                0x177 (size before relaxing)
 .debug_str     0x000002bc       0x20 d:/iti/tools/01- embedded systems avr tools/01- imt sdk/imt_sdk_win_64/winavr/bin/../lib/gcc/avr/4.3.3/avr5\libgcc.a(_clzsi2.o)
                                0x111 (size before relaxing)
 .debug_str     0x000002dc       0x10 d:/iti/tools/01- embedded systems avr tools/01- imt sdk/imt_sdk_win_64/winavr/bin/../lib/gcc/avr/4.3.3/avr5\libgcc.a(_pack_sf.o)
                                0x19d (size before relaxing)
 .debug_str     0x000002ec        0xb d:/iti/tools/01- embedded systems avr tools/01- imt sdk/imt_sdk_win_64/winavr/bin/../lib/gcc/avr/4.3.3/avr5\libgcc.a(_unpack_sf.o)
                                0x17f (size before relaxing)
 .debug_str     0x000002f7       0x10 d:/iti/tools/01- embedded systems avr tools/01- imt sdk/imt_sdk_win_64/winavr/bin/../lib/gcc/avr/4.3.3/avr5\libgcc.a(_fpcmp_parts_sf.o)
                                0x163 (size before relaxing)
 .debug_str     0x00000000       0xf4 d:/iti/tools/01- embedded systems avr tools/01- imt sdk/imt_sdk_win_64/winavr/bin/../lib/gcc/avr/4.3.3/avr5\libgcc.a(_clz.o)

.debug_loc      0x00000000      0xa1a
 *(.debug_loc)
 .debug_loc     0x00000000       0x34 d:/iti/tools/01- embedded systems avr tools/01- imt sdk/imt_sdk_win_64/winavr/bin/../lib/gcc/avr/4.3.3/avr5\libgcc.a(_fixunssfsi.o)
 .debug_loc     0x00000034      0x32a d:/iti/tools/01- embedded systems avr tools/01- imt sdk/imt_sdk_win_64/winavr/bin/../lib/gcc/avr/4.3.3/avr5\libgcc.a(_addsub_sf.o)
 .debug_loc     0x0000035e      0x104 d:/iti/tools/01- embedded systems avr tools/01- imt sdk/imt_sdk_win_64/winavr/bin/../lib/gcc/avr/4.3.3/avr5\libgcc.a(_mul_sf.o)
 .debug_loc     0x00000462       0xc0 d:/iti/tools/01- embedded systems avr tools/01- imt sdk/imt_sdk_win_64/winavr/bin/../lib/gcc/avr/4.3.3/avr5\libgcc.a(_div_sf.o)
 .debug_loc     0x00000522       0x3c d:/iti/tools/01- embedded systems avr tools/01- imt sdk/imt_sdk_win_64/winavr/bin/../lib/gcc/avr/4.3.3/avr5\libgcc.a(_gt_sf.o)
 .debug_loc     0x0000055e       0x3c d:/iti/tools/01- embedded systems avr tools/01- imt sdk/imt_sdk_win_64/winavr/bin/../lib/gcc/avr/4.3.3/avr5\libgcc.a(_ge_sf.o)
 .debug_loc     0x0000059a       0x3c d:/iti/tools/01- embedded systems avr tools/01- imt sdk/imt_sdk_win_64/winavr/bin/../lib/gcc/avr/4.3.3/avr5\libgcc.a(_lt_sf.o)
 .debug_loc     0x000005d6       0xac d:/iti/tools/01- embedded systems avr tools/01- imt sdk/imt_sdk_win_64/winavr/bin/../lib/gcc/avr/4.3.3/avr5\libgcc.a(_si_to_sf.o)
 .debug_loc     0x00000682       0x7e d:/iti/tools/01- embedded systems avr tools/01- imt sdk/imt_sdk_win_64/winavr/bin/../lib/gcc/avr/4.3.3/avr5\libgcc.a(_sf_to_si.o)
 .debug_loc     0x00000700       0x4c d:/iti/tools/01- embedded systems avr tools/01- imt sdk/imt_sdk_win_64/winavr/bin/../lib/gcc/avr/4.3.3/avr5\libgcc.a(_usi_to_sf.o)
 .debug_loc     0x0000074c       0x94 d:/iti/tools/01- embedded systems avr tools/01- imt sdk/imt_sdk_win_64/winavr/bin/../lib/gcc/avr/4.3.3/avr5\libgcc.a(_clzsi2.o)
 .debug_loc     0x000007e0      0x13e d:/iti/tools/01- embedded systems avr tools/01- imt sdk/imt_sdk_win_64/winavr/bin/../lib/gcc/avr/4.3.3/avr5\libgcc.a(_pack_sf.o)
 .debug_loc     0x0000091e       0xac d:/iti/tools/01- embedded systems avr tools/01- imt sdk/imt_sdk_win_64/winavr/bin/../lib/gcc/avr/4.3.3/avr5\libgcc.a(_unpack_sf.o)
 .debug_loc     0x000009ca       0x50 d:/iti/tools/01- embedded systems avr tools/01- imt sdk/imt_sdk_win_64/winavr/bin/../lib/gcc/avr/4.3.3/avr5\libgcc.a(_fpcmp_parts_sf.o)

.debug_macinfo
 *(.debug_macinfo)
OUTPUT(final_project.elf elf32-avr)
LOAD linker stubs

.debug_ranges   0x00000000       0x50
 .debug_ranges  0x00000000       0x50 d:/iti/tools/01- embedded systems avr tools/01- imt sdk/imt_sdk_win_64/winavr/bin/../lib/gcc/avr/4.3.3/avr5\libgcc.a(_mul_sf.o)
